Archive member included to satisfy reference by file (symbol)

d:/coocox/cgnu tools arm embedded/5.4 2016q3/bin/../lib/gcc/arm-none-eabi/5.4.1/armv6-m\libgcc.a(_udivsi3.o)
                              ..\obj\system_NUC1xx.o (__aeabi_uidiv)
d:/coocox/cgnu tools arm embedded/5.4 2016q3/bin/../lib/gcc/arm-none-eabi/5.4.1/armv6-m\libgcc.a(_dvmd_tls.o)
                              d:/coocox/cgnu tools arm embedded/5.4 2016q3/bin/../lib/gcc/arm-none-eabi/5.4.1/armv6-m\libgcc.a(_udivsi3.o) (__aeabi_idiv0)

Discarded input sections

 .text          0x00000000        0x0 ..\obj\system_NUC1xx.o
 .bss           0x00000000        0x0 ..\obj\system_NUC1xx.o
 .text          0x00000000        0x0 ..\obj\startup_NUC1xx.o
 .data          0x00000000        0x0 ..\obj\startup_NUC1xx.o
 .bss           0x00000000        0x0 ..\obj\startup_NUC1xx.o
 .text          0x00000000        0x0 ..\obj\Init.o
 .data          0x00000000        0x0 ..\obj\Init.o
 .bss           0x00000000        0x0 ..\obj\Init.o
 .text.GPIOE_Init
                0x00000000       0x5c ..\obj\Init.o
 .text.GPIOA_Init
                0x00000000       0x48 ..\obj\Init.o
 .text.GPIOC_Init
                0x00000000       0x5c ..\obj\Init.o
 .text.Init     0x00000000       0x18 ..\obj\Init.o
 .debug_info    0x00000000      0x103 ..\obj\Init.o
 .debug_abbrev  0x00000000       0x56 ..\obj\Init.o
 .debug_aranges
                0x00000000       0x38 ..\obj\Init.o
 .debug_ranges  0x00000000       0x28 ..\obj\Init.o
 .debug_line    0x00000000      0x11a ..\obj\Init.o
 .debug_str     0x00000000      0x1be ..\obj\Init.o
 .comment       0x00000000       0x6f ..\obj\Init.o
 .debug_frame   0x00000000       0x80 ..\obj\Init.o
 .ARM.attributes
                0x00000000       0x31 ..\obj\Init.o
 .text          0x00000000        0x0 ..\obj\main.o
 .data          0x00000000        0x0 ..\obj\main.o
 .bss           0x00000000        0x0 ..\obj\main.o
 .text          0x00000000        0x0 ..\obj\Seven_Segment.o
 .bss           0x00000000        0x0 ..\obj\Seven_Segment.o
 .text          0x00000000        0x0 ..\obj\DrvGPIO.o
 .data          0x00000000        0x0 ..\obj\DrvGPIO.o
 .text.NVIC_EnableIRQ
                0x00000000       0x2c ..\obj\DrvGPIO.o
 .text.NVIC_DisableIRQ
                0x00000000       0x30 ..\obj\DrvGPIO.o
 .text.NVIC_SetPriority
                0x00000000       0xdc ..\obj\DrvGPIO.o
 .text.DrvGPIO_Close
                0x00000000       0x60 ..\obj\DrvGPIO.o
 .text.DrvGPIO_GetBit
                0x00000000       0x4c ..\obj\DrvGPIO.o
 .text.DrvGPIO_SetPortBits
                0x00000000       0x30 ..\obj\DrvGPIO.o
 .text.DrvGPIO_GetPortBits
                0x00000000       0x2c ..\obj\DrvGPIO.o
 .text.DrvGPIO_GetDoutBit
                0x00000000       0x48 ..\obj\DrvGPIO.o
 .text.DrvGPIO_GetPortDoutBits
                0x00000000       0x38 ..\obj\DrvGPIO.o
 .text.DrvGPIO_SetBitMask
                0x00000000       0x3c ..\obj\DrvGPIO.o
 .text.DrvGPIO_GetBitMask
                0x00000000       0x38 ..\obj\DrvGPIO.o
 .text.DrvGPIO_ClrBitMask
                0x00000000       0x40 ..\obj\DrvGPIO.o
 .text.DrvGPIO_SetPortMask
                0x00000000       0x3c ..\obj\DrvGPIO.o
 .text.DrvGPIO_GetPortMask
                0x00000000       0x28 ..\obj\DrvGPIO.o
 .text.DrvGPIO_ClrPortMask
                0x00000000       0x40 ..\obj\DrvGPIO.o
 .text.DrvGPIO_EnableDigitalInputBit
                0x00000000       0x40 ..\obj\DrvGPIO.o
 .text.DrvGPIO_DisableDigitalInputBit
                0x00000000       0x40 ..\obj\DrvGPIO.o
 .text.DrvGPIO_EnableDebounce
                0x00000000       0x4c ..\obj\DrvGPIO.o
 .text.DrvGPIO_DisableDebounce
                0x00000000       0x4c ..\obj\DrvGPIO.o
 .text.DrvGPIO_SetDebounceTime
                0x00000000       0x64 ..\obj\DrvGPIO.o
 .text.DrvGPIO_GetDebounceSampleCycle
                0x00000000       0x18 ..\obj\DrvGPIO.o
 .text.DrvGPIO_EnableInt
                0x00000000      0x168 ..\obj\DrvGPIO.o
 .text.DrvGPIO_DisableInt
                0x00000000       0x7c ..\obj\DrvGPIO.o
 .text.DrvGPIO_SetIntCallback
                0x00000000       0x28 ..\obj\DrvGPIO.o
 .text.DrvGPIO_EnableEINT0
                0x00000000       0xd0 ..\obj\DrvGPIO.o
 .text.DrvGPIO_DisableEINT0
                0x00000000       0x2c ..\obj\DrvGPIO.o
 .text.DrvGPIO_EnableEINT1
                0x00000000       0xd0 ..\obj\DrvGPIO.o
 .text.DrvGPIO_DisableEINT1
                0x00000000       0x2c ..\obj\DrvGPIO.o
 .text.DrvGPIO_GetIntStatus
                0x00000000       0x2c ..\obj\DrvGPIO.o
 .text.DrvGPIO_InitFunction
                0x00000000      0x6ac ..\obj\DrvGPIO.o
 .rodata        0x00000000       0xf8 ..\obj\DrvGPIO.o
 .text.DrvGPIO_GetVersion
                0x00000000       0x10 ..\obj\DrvGPIO.o
 .text          0x00000000        0x0 ..\obj\ScanKey.o
 .data          0x00000000        0x0 ..\obj\ScanKey.o
 .bss           0x00000000        0x0 ..\obj\ScanKey.o
 .text.delay    0x00000000       0x28 ..\obj\ScanKey.o
 .text.CloseKeyPad
                0x00000000       0x34 ..\obj\ScanKey.o
 .text.Scankey  0x00000000       0xdc ..\obj\ScanKey.o
 .text          0x00000000        0x0 ..\obj\DrvSYS.o
 .data          0x00000000        0x0 ..\obj\DrvSYS.o
 .text.NVIC_EnableIRQ
                0x00000000       0x2c ..\obj\DrvSYS.o
 .text.NVIC_DisableIRQ
                0x00000000       0x30 ..\obj\DrvSYS.o
 .text.NVIC_SetPriority
                0x00000000       0xdc ..\obj\DrvSYS.o
 .text.DrvSYS_GetVersion
                0x00000000       0x10 ..\obj\DrvSYS.o
 .text.DrvSYS_ReadProductID
                0x00000000       0x10 ..\obj\DrvSYS.o
 .text.DrvSYS_UnlockProtectedReg
                0x00000000       0x54 ..\obj\DrvSYS.o
 .text.DrvSYS_LockProtectedReg
                0x00000000       0x3c ..\obj\DrvSYS.o
 .text.DrvSYS_GetResetSource
                0x00000000       0x14 ..\obj\DrvSYS.o
 .text.DrvSYS_ClearResetSource
                0x00000000       0x1c ..\obj\DrvSYS.o
 .text.DrvSYS_ResetIP
                0x00000000       0x8c ..\obj\DrvSYS.o
 .text.DrvSYS_ResetCPU
                0x00000000       0x18 ..\obj\DrvSYS.o
 .text.DrvSYS_ResetChip
                0x00000000       0x18 ..\obj\DrvSYS.o
 .text.DrvSYS_SelectBODVolt
                0x00000000       0x34 ..\obj\DrvSYS.o
 .text.DrvSYS_SetBODFunction
                0x00000000       0x80 ..\obj\DrvSYS.o
 .text.DrvSYS_EnableBODLowPowerMode
                0x00000000       0x18 ..\obj\DrvSYS.o
 .text.DrvSYS_DisableBODLowPowerMode
                0x00000000       0x18 ..\obj\DrvSYS.o
 .text.DrvSYS_GetBODState
                0x00000000       0x18 ..\obj\DrvSYS.o
 .text.DrvSYS_EnableLowVoltReset
                0x00000000       0x18 ..\obj\DrvSYS.o
 .text.DrvSYS_DisableLowVoltReset
                0x00000000       0x18 ..\obj\DrvSYS.o
 .text.DrvSYS_EnableTemperatureSensor
                0x00000000       0x18 ..\obj\DrvSYS.o
 .text.DrvSYS_DisableTemperatureSensor
                0x00000000       0x18 ..\obj\DrvSYS.o
 .text.DrvSYS_EnablePOR
                0x00000000       0x14 ..\obj\DrvSYS.o
 .text.DrvSYS_DisablePOR
                0x00000000       0x18 ..\obj\DrvSYS.o
 .text.DrvSYS_SetIPClock
                0x00000000       0xd0 ..\obj\DrvSYS.o
 .text.DrvSYS_SelectSysTickSource
                0x00000000       0x58 ..\obj\DrvSYS.o
 .text.DrvSYS_SelectIPClockSource
                0x00000000      0x1d8 ..\obj\DrvSYS.o
 .rodata        0x00000000       0x58 ..\obj\DrvSYS.o
 .text.DrvSYS_SetClockDivider
                0x00000000       0xc8 ..\obj\DrvSYS.o
 .text.DrvSYS_SetOscCtrl
                0x00000000       0xbc ..\obj\DrvSYS.o
 .text.DrvSYS_SetPowerDownWakeUpInt
                0x00000000       0x8c ..\obj\DrvSYS.o
 .text.DrvSYS_EnterPowerDown
                0x00000000       0x4c ..\obj\DrvSYS.o
 .text.DrvSYS_SelectPLLSource
                0x00000000       0x38 ..\obj\DrvSYS.o
 .text.DrvSYS_SetPLLMode
                0x00000000       0x58 ..\obj\DrvSYS.o
 .text.DrvSYS_GetExtClockFreq
                0x00000000       0x10 ..\obj\DrvSYS.o
 .text.DrvSYS_GetPLLClockFreq
                0x00000000       0xa4 ..\obj\DrvSYS.o
 .text.DrvSYS_GetHCLKFreq
                0x00000000       0x94 ..\obj\DrvSYS.o
 .text.DrvSYS_SetFreqDividerOutput
                0x00000000       0x74 ..\obj\DrvSYS.o
 .text.DrvSYS_EnableHighPerformanceMode
                0x00000000       0x18 ..\obj\DrvSYS.o
 .text.DrvSYS_DisableHighPerformanceMode
                0x00000000       0x18 ..\obj\DrvSYS.o
 .text.DrvSYS_Delay
                0x00000000       0x40 ..\obj\DrvSYS.o
 .text.DrvSYS_GetChipClockSourceStatus
                0x00000000       0x80 ..\obj\DrvSYS.o
 .text.DrvSYS_GetClockSwitchStatus
                0x00000000       0x18 ..\obj\DrvSYS.o
 .text.DrvSYS_ClearClockSwitchStatus
                0x00000000       0x18 ..\obj\DrvSYS.o
 .text          0x00000000        0x0 ..\obj\Ascii_Table.o
 .data          0x00000000      0x5f0 ..\obj\Ascii_Table.o
 .bss           0x00000000        0x0 ..\obj\Ascii_Table.o
 .debug_info    0x00000000       0x4a ..\obj\Ascii_Table.o
 .debug_abbrev  0x00000000       0x3c ..\obj\Ascii_Table.o
 .debug_aranges
                0x00000000       0x18 ..\obj\Ascii_Table.o
 .debug_line    0x00000000       0x8d ..\obj\Ascii_Table.o
 .debug_str     0x00000000      0x106 ..\obj\Ascii_Table.o
 .comment       0x00000000       0x6f ..\obj\Ascii_Table.o
 .ARM.attributes
                0x00000000       0x31 ..\obj\Ascii_Table.o
 .text          0x00000000        0x0 ..\obj\core_cm0.o
 .data          0x00000000        0x0 ..\obj\core_cm0.o
 .bss           0x00000000        0x0 ..\obj\core_cm0.o
 .text.__get_PSP
                0x00000000       0x10 ..\obj\core_cm0.o
 .text.__set_PSP
                0x00000000        0xc ..\obj\core_cm0.o
 .text.__get_MSP
                0x00000000       0x10 ..\obj\core_cm0.o
 .text.__set_MSP
                0x00000000        0xc ..\obj\core_cm0.o
 .text.__get_PRIMASK
                0x00000000       0x1c ..\obj\core_cm0.o
 .text.__set_PRIMASK
                0x00000000       0x18 ..\obj\core_cm0.o
 .text.__get_CONTROL
                0x00000000       0x1c ..\obj\core_cm0.o
 .text.__set_CONTROL
                0x00000000       0x18 ..\obj\core_cm0.o
 .text.__REV    0x00000000       0x1c ..\obj\core_cm0.o
 .text.__REV16  0x00000000       0x24 ..\obj\core_cm0.o
 .text.__REVSH  0x00000000       0x24 ..\obj\core_cm0.o
 .debug_info    0x00000000      0x2a3 ..\obj\core_cm0.o
 .debug_abbrev  0x00000000       0xa3 ..\obj\core_cm0.o
 .debug_aranges
                0x00000000       0x70 ..\obj\core_cm0.o
 .debug_ranges  0x00000000       0x60 ..\obj\core_cm0.o
 .debug_line    0x00000000      0x1f4 ..\obj\core_cm0.o
 .debug_str     0x00000000      0x24c ..\obj\core_cm0.o
 .comment       0x00000000       0x6f ..\obj\core_cm0.o
 .debug_frame   0x00000000      0x130 ..\obj\core_cm0.o
 .ARM.attributes
                0x00000000       0x31 ..\obj\core_cm0.o
 .data          0x00000000        0x0 d:/coocox/cgnu tools arm embedded/5.4 2016q3/bin/../lib/gcc/arm-none-eabi/5.4.1/armv6-m\libgcc.a(_udivsi3.o)
 .bss           0x00000000        0x0 d:/coocox/cgnu tools arm embedded/5.4 2016q3/bin/../lib/gcc/arm-none-eabi/5.4.1/armv6-m\libgcc.a(_udivsi3.o)
 .data          0x00000000        0x0 d:/coocox/cgnu tools arm embedded/5.4 2016q3/bin/../lib/gcc/arm-none-eabi/5.4.1/armv6-m\libgcc.a(_dvmd_tls.o)
 .bss           0x00000000        0x0 d:/coocox/cgnu tools arm embedded/5.4 2016q3/bin/../lib/gcc/arm-none-eabi/5.4.1/armv6-m\libgcc.a(_dvmd_tls.o)

Memory Configuration

Name             Origin             Length             Attributes
rom              0x00000000         0x00020000         xr
ram              0x20000000         0x00004000         xrw
*default*        0x00000000         0xffffffff

Linker script and memory map

                0x20004000                _eram = 0x20004000

.text           0x00000000      0xa7c
 *(.isr_vector)
 .isr_vector    0x00000000       0xc0 ..\obj\startup_NUC1xx.o
                0x00000000                g_pfnVectors
 *(.text*)
 .text.SystemCoreClockUpdate
                0x000000c0       0xe8 ..\obj\system_NUC1xx.o
                0x000000c0                SystemCoreClockUpdate
 .text.SystemInit
                0x000001a8        0xc ..\obj\system_NUC1xx.o
                0x000001a8                SystemInit
 .text.Default_Reset_Handler
                0x000001b4       0x64 ..\obj\startup_NUC1xx.o
                0x000001b4                Default_Reset_Handler
                0x000001b4                Reset_Handler
 .text.Default_Handler
                0x00000218        0x8 ..\obj\startup_NUC1xx.o
                0x00000218                DebugMon_Handler
                0x00000218                I2C0_IRQHandler
                0x00000218                HardFault_Handler
                0x00000218                SysTick_Handler
                0x00000218                PendSV_Handler
                0x00000218                NMI_Handler
                0x00000218                I2C1_IRQHandler
                0x00000218                UART1_IRQHandler
                0x00000218                PS2_IRQHandler
                0x00000218                USBD_IRQHandler
                0x00000218                UsageFault_Handler
                0x00000218                SPI1_IRQHandler
                0x00000218                TMR0_IRQHandler
                0x00000218                ACMP_IRQHandler
                0x00000218                I2S_IRQHandler
                0x00000218                RTC_IRQHandler
                0x00000218                PWMA_IRQHandler
                0x00000218                ADC_IRQHandler
                0x00000218                TMR2_IRQHandler
                0x00000218                SPI2_IRQHandler
                0x00000218                UART02_IRQHandler
                0x00000218                MemManage_Handler
                0x00000218                WDT_IRQHandler
                0x00000218                SVC_Handler
                0x00000218                PDMA_IRQHandler
                0x00000218                CAN0_IRQHandler
                0x00000218                TMR3_IRQHandler
                0x00000218                SPI0_IRQHandler
                0x00000218                BusFault_Handler
                0x00000218                SPI3_IRQHandler
                0x00000218                PWMB_IRQHandler
                0x00000218                TMR1_IRQHandler
 .text.delay_loop
                0x00000220       0x38 ..\obj\main.o
                0x00000220                delay_loop
 .text.main     0x00000258       0x6c ..\obj\main.o
                0x00000258                main
 .text.show_seven_segment
                0x000002c4       0x94 ..\obj\Seven_Segment.o
                0x000002c4                show_seven_segment
 .text.close_seven_segment
                0x00000358       0x2c ..\obj\Seven_Segment.o
                0x00000358                close_seven_segment
 .text.GPAB_IRQHandler
                0x00000384       0x54 ..\obj\DrvGPIO.o
                0x00000384                GPAB_IRQHandler
 .text.GPCDE_IRQHandler
                0x000003d8       0x58 ..\obj\DrvGPIO.o
                0x000003d8                GPCDE_IRQHandler
 .text.EINT0_IRQHandler
                0x00000430       0x28 ..\obj\DrvGPIO.o
                0x00000430                EINT0_IRQHandler
 .text.EINT1_IRQHandler
                0x00000458       0x28 ..\obj\DrvGPIO.o
                0x00000458                EINT1_IRQHandler
 .text.DrvGPIO_Open
                0x00000480       0xd4 ..\obj\DrvGPIO.o
                0x00000480                DrvGPIO_Open
 .text.DrvGPIO_SetBit
                0x00000554       0x50 ..\obj\DrvGPIO.o
                0x00000554                DrvGPIO_SetBit
 .text.DrvGPIO_ClrBit
                0x000005a4       0x54 ..\obj\DrvGPIO.o
                0x000005a4                DrvGPIO_ClrBit
 .text.OpenKeyPad
                0x000005f8       0x38 ..\obj\ScanKey.o
                0x000005f8                OpenKeyPad
 .text.DrvSYS_IsProtectedRegLocked
                0x00000630       0x1c ..\obj\DrvSYS.o
                0x00000630                DrvSYS_IsProtectedRegLocked
 .text.BOD_IRQHandler
                0x0000064c       0x28 ..\obj\DrvSYS.o
                0x0000064c                BOD_IRQHandler
 .text.DrvSYS_SelectHCLKSource
                0x00000674       0x58 ..\obj\DrvSYS.o
                0x00000674                DrvSYS_SelectHCLKSource
 .text.PWRWU_IRQHandler
                0x000006cc       0x2c ..\obj\DrvSYS.o
                0x000006cc                PWRWU_IRQHandler
 .text.DrvSYS_GetPLLContent
                0x000006f8      0x108 ..\obj\DrvSYS.o
                0x000006f8                DrvSYS_GetPLLContent
 .text.DrvSYS_SetPLLContent
                0x00000800       0x78 ..\obj\DrvSYS.o
                0x00000800                DrvSYS_SetPLLContent
 .text.DrvSYS_Open
                0x00000878       0xec ..\obj\DrvSYS.o
                0x00000878                DrvSYS_Open
 .text          0x00000964      0x114 d:/coocox/cgnu tools arm embedded/5.4 2016q3/bin/../lib/gcc/arm-none-eabi/5.4.1/armv6-m\libgcc.a(_udivsi3.o)
                0x00000964                __aeabi_uidiv
                0x00000964                __udivsi3
                0x00000a70                __aeabi_uidivmod
 .text          0x00000a78        0x4 d:/coocox/cgnu tools arm embedded/5.4 2016q3/bin/../lib/gcc/arm-none-eabi/5.4.1/armv6-m\libgcc.a(_dvmd_tls.o)
                0x00000a78                __aeabi_idiv0
                0x00000a78                __aeabi_ldiv0
 *(.init)
 *(.fini)
 *crtbegin.o(.ctors)
 *crtbegin?.o(.ctors)
 *(EXCLUDE_FILE(*crtend.o *crtend?.o) .ctors)
 *(SORT(.ctors.*))
 *(.ctors)
 *crtbegin.o(.dtors)
 *crtbegin?.o(.dtors)
 *(EXCLUDE_FILE(*crtend.o *crtend?.o) .dtors)
 *(SORT(.dtors.*))
 *(.dtors)
 *(.rodata*)
 *(.eh_fram e*)

.glue_7         0x00000a7c        0x0
 .glue_7        0x00000a7c        0x0 linker stubs

.glue_7t        0x00000a7c        0x0
 .glue_7t       0x00000a7c        0x0 linker stubs

.vfp11_veneer   0x00000a7c        0x0
 .vfp11_veneer  0x00000a7c        0x0 linker stubs

.v4_bx          0x00000a7c        0x0
 .v4_bx         0x00000a7c        0x0 linker stubs

.iplt           0x00000a7c        0x0
 .iplt          0x00000a7c        0x0 ..\obj\system_NUC1xx.o

.rel.dyn        0x00000a7c        0x0
 .rel.iplt      0x00000a7c        0x0 ..\obj\system_NUC1xx.o

.ARM.extab
 *(.ARM.extab* .gnu.linkonce.armextab.*)
                0x00000a7c                __exidx_start = .

.ARM.exidx
 *(.ARM.exidx* .gnu.linkonce.armexidx.*)
                0x00000a7c                __exidx_end = .
                0x00000a7c                __etext = .
                0x00000a7c                _sidata = __etext

.data           0x20000000       0x28 load address 0x00000a7c
                0x20000000                __data_start__ = .
                0x20000000                _sdata = __data_start__
 *(vtable)
 *(.data*)
 .data          0x20000000       0x1c ..\obj\system_NUC1xx.o
                0x20000000                SystemCoreClock
                0x20000004                CyclesPerUs
                0x20000008                gau32ClkSrcTbl
 .data          0x2000001c        0xa ..\obj\Seven_Segment.o
                0x2000001c                SEG_BUF
                0x20000028                . = ALIGN (0x4)
 *fill*         0x20000026        0x2 
                [!provide]                PROVIDE (__preinit_array_start, .)
 *(.preinit_array)
                [!provide]                PROVIDE (__preinit_array_end, .)
                0x20000028                . = ALIGN (0x4)
                [!provide]                PROVIDE (__init_array_start, .)
 *(SORT(.init_array.*))
 *(.init_array)
                [!provide]                PROVIDE (__init_array_end, .)
                0x20000028                . = ALIGN (0x4)
                [!provide]                PROVIDE (__fini_array_start, .)
 *(SORT(.fini_array.*))
 *(.fini_array)
                [!provide]                PROVIDE (__fini_array_end, .)
 *(.jcr*)
                0x20000028                . = ALIGN (0x4)
                0x20000028                __data_end__ = .
                0x20000028                _edata = __data_end__

.igot.plt       0x20000028        0x0 load address 0x00000aa4
 .igot.plt      0x20000028        0x0 ..\obj\system_NUC1xx.o

.bss            0x20000028       0x18 load address 0x00000aa4
                0x20000028                . = ALIGN (0x4)
                0x20000028                __bss_start__ = .
                0x20000028                _sbss = __bss_start__
 *(.bss*)
 .bss           0x20000028       0x10 ..\obj\DrvGPIO.o
 .bss           0x20000038        0x8 ..\obj\DrvSYS.o
 *(COMMON)
                0x20000040                . = ALIGN (0x4)
                0x20000040                __bss_end__ = .
                0x20000040                _ebss = __bss_end__

.heap           0x20000040        0x0
                0x20000040                __end__ = .
                0x20000040                _end = __end__
                0x20000040                end = __end__
 *(.heap*)
                0x20000040                __HeapLimit = .

.co_stack       0x20000040      0x400 load address 0x00000abc
                0x20000040                . = ALIGN (0x8)
 *(.co_stack .co_stack.*)
 .co_stack      0x20000040      0x400 ..\obj\startup_NUC1xx.o
                0x20000040                pulStack
                0x20004000                __StackTop = (ORIGIN (ram) + LENGTH (ram))
                0x20003c00                __StackLimit = (__StackTop - SIZEOF (.co_stack))
                [!provide]                PROVIDE (__stack, __StackTop)
                0x00000001                ASSERT ((__StackLimit >= __HeapLimit), region ram  overflowed with stack)
LOAD ..\obj\system_NUC1xx.o
LOAD ..\obj\startup_NUC1xx.o
LOAD ..\obj\Init.o
LOAD ..\obj\main.o
LOAD ..\obj\Seven_Segment.o
LOAD ..\obj\DrvGPIO.o
LOAD ..\obj\ScanKey.o
LOAD ..\obj\DrvSYS.o
LOAD ..\obj\Ascii_Table.o
LOAD ..\obj\core_cm0.o
START GROUP
LOAD d:/coocox/cgnu tools arm embedded/5.4 2016q3/bin/../lib/gcc/arm-none-eabi/5.4.1/armv6-m\libgcc.a
LOAD d:/coocox/cgnu tools arm embedded/5.4 2016q3/bin/../lib/gcc/arm-none-eabi/5.4.1/../../../../arm-none-eabi/lib/armv6-m\libg.a
LOAD d:/coocox/cgnu tools arm embedded/5.4 2016q3/bin/../lib/gcc/arm-none-eabi/5.4.1/../../../../arm-none-eabi/lib/armv6-m\libc.a
END GROUP
OUTPUT(Modul2_percobaan2_kelompokXX.elf elf32-littlearm)

.debug_info     0x00000000     0x54c3
 .debug_info    0x00000000      0x8fa ..\obj\system_NUC1xx.o
 .debug_info    0x000008fa      0x103 ..\obj\startup_NUC1xx.o
 .debug_info    0x000009fd      0x110 ..\obj\main.o
 .debug_info    0x00000b0d      0x129 ..\obj\Seven_Segment.o
 .debug_info    0x00000c36     0x2198 ..\obj\DrvGPIO.o
 .debug_info    0x00002dce      0x1a9 ..\obj\ScanKey.o
 .debug_info    0x00002f77     0x254c ..\obj\DrvSYS.o

.debug_abbrev   0x00000000      0xa11
 .debug_abbrev  0x00000000      0x10e ..\obj\system_NUC1xx.o
 .debug_abbrev  0x0000010e       0xa7 ..\obj\startup_NUC1xx.o
 .debug_abbrev  0x000001b5       0xa6 ..\obj\main.o
 .debug_abbrev  0x0000025b       0xd3 ..\obj\Seven_Segment.o
 .debug_abbrev  0x0000032e      0x2fc ..\obj\DrvGPIO.o
 .debug_abbrev  0x0000062a       0xcd ..\obj\ScanKey.o
 .debug_abbrev  0x000006f7      0x31a ..\obj\DrvSYS.o

.debug_aranges  0x00000000      0x3c0
 .debug_aranges
                0x00000000       0x28 ..\obj\system_NUC1xx.o
 .debug_aranges
                0x00000028       0x28 ..\obj\startup_NUC1xx.o
 .debug_aranges
                0x00000050       0x28 ..\obj\main.o
 .debug_aranges
                0x00000078       0x28 ..\obj\Seven_Segment.o
 .debug_aranges
                0x000000a0      0x148 ..\obj\DrvGPIO.o
 .debug_aranges
                0x000001e8       0x38 ..\obj\ScanKey.o
 .debug_aranges
                0x00000220      0x1a0 ..\obj\DrvSYS.o

.debug_ranges   0x00000000      0x350
 .debug_ranges  0x00000000       0x18 ..\obj\system_NUC1xx.o
 .debug_ranges  0x00000018       0x18 ..\obj\startup_NUC1xx.o
 .debug_ranges  0x00000030       0x18 ..\obj\main.o
 .debug_ranges  0x00000048       0x18 ..\obj\Seven_Segment.o
 .debug_ranges  0x00000060      0x138 ..\obj\DrvGPIO.o
 .debug_ranges  0x00000198       0x28 ..\obj\ScanKey.o
 .debug_ranges  0x000001c0      0x190 ..\obj\DrvSYS.o

.debug_line     0x00000000     0x166f
 .debug_line    0x00000000      0x176 ..\obj\system_NUC1xx.o
 .debug_line    0x00000176       0xb4 ..\obj\startup_NUC1xx.o
 .debug_line    0x0000022a      0x16d ..\obj\main.o
 .debug_line    0x00000397      0x135 ..\obj\Seven_Segment.o
 .debug_line    0x000004cc      0x786 ..\obj\DrvGPIO.o
 .debug_line    0x00000c52      0x24c ..\obj\ScanKey.o
 .debug_line    0x00000e9e      0x7d1 ..\obj\DrvSYS.o

.debug_str      0x00000000     0x2be2
 .debug_str     0x00000000      0x489 ..\obj\system_NUC1xx.o
                                0x512 (size before relaxing)
 .debug_str     0x00000489       0xca ..\obj\startup_NUC1xx.o
                                0x161 (size before relaxing)
 .debug_str     0x00000553       0x67 ..\obj\main.o
                                0x18b (size before relaxing)
 .debug_str     0x000005ba      0x134 ..\obj\Seven_Segment.o
                                0x242 (size before relaxing)
 .debug_str     0x000006ee     0x191d ..\obj\DrvGPIO.o
                               0x1d1c (size before relaxing)
 .debug_str     0x0000200b       0x8e ..\obj\ScanKey.o
                                0x26e (size before relaxing)
 .debug_str     0x00002099      0xb49 ..\obj\DrvSYS.o
                               0x2146 (size before relaxing)

.comment        0x00000000       0x6e
 .comment       0x00000000       0x6e ..\obj\system_NUC1xx.o
                                 0x6f (size before relaxing)
 .comment       0x0000006e       0x6f ..\obj\startup_NUC1xx.o
 .comment       0x0000006e       0x6f ..\obj\main.o
 .comment       0x0000006e       0x6f ..\obj\Seven_Segment.o
 .comment       0x0000006e       0x6f ..\obj\DrvGPIO.o
 .comment       0x0000006e       0x6f ..\obj\ScanKey.o
 .comment       0x0000006e       0x6f ..\obj\DrvSYS.o

.ARM.attributes
                0x00000000       0x31
 .ARM.attributes
                0x00000000       0x31 ..\obj\system_NUC1xx.o
 .ARM.attributes
                0x00000031       0x31 ..\obj\startup_NUC1xx.o
 .ARM.attributes
                0x00000062       0x31 ..\obj\main.o
 .ARM.attributes
                0x00000093       0x31 ..\obj\Seven_Segment.o
 .ARM.attributes
                0x000000c4       0x31 ..\obj\DrvGPIO.o
 .ARM.attributes
                0x000000f5       0x31 ..\obj\ScanKey.o
 .ARM.attributes
                0x00000126       0x31 ..\obj\DrvSYS.o
 .ARM.attributes
                0x00000157       0x1e d:/coocox/cgnu tools arm embedded/5.4 2016q3/bin/../lib/gcc/arm-none-eabi/5.4.1/armv6-m\libgcc.a(_udivsi3.o)
 .ARM.attributes
                0x00000175       0x1e d:/coocox/cgnu tools arm embedded/5.4 2016q3/bin/../lib/gcc/arm-none-eabi/5.4.1/armv6-m\libgcc.a(_dvmd_tls.o)

.debug_frame    0x00000000      0xc84
 .debug_frame   0x00000000       0x4c ..\obj\system_NUC1xx.o
 .debug_frame   0x0000004c       0x4c ..\obj\startup_NUC1xx.o
 .debug_frame   0x00000098       0x50 ..\obj\main.o
 .debug_frame   0x000000e8       0x4c ..\obj\Seven_Segment.o
 .debug_frame   0x00000134      0x4c4 ..\obj\DrvGPIO.o
 .debug_frame   0x000005f8       0x90 ..\obj\ScanKey.o
 .debug_frame   0x00000688      0x5dc ..\obj\DrvSYS.o
 .debug_frame   0x00000c64       0x20 d:/coocox/cgnu tools arm embedded/5.4 2016q3/bin/../lib/gcc/arm-none-eabi/5.4.1/armv6-m\libgcc.a(_udivsi3.o)
