Archive member included to satisfy reference by file (symbol)

d:/coocox/cgnu tools arm embedded/5.4 2016q3/bin/../lib/gcc/arm-none-eabi/5.4.1/armv6-m\libgcc.a(_udivsi3.o)
                              ..\obj\system_NUC1xx.o (__aeabi_uidiv)
d:/coocox/cgnu tools arm embedded/5.4 2016q3/bin/../lib/gcc/arm-none-eabi/5.4.1/armv6-m\libgcc.a(_dvmd_tls.o)
                              d:/coocox/cgnu tools arm embedded/5.4 2016q3/bin/../lib/gcc/arm-none-eabi/5.4.1/armv6-m\libgcc.a(_udivsi3.o) (__aeabi_idiv0)
d:/coocox/cgnu tools arm embedded/5.4 2016q3/bin/../lib/gcc/arm-none-eabi/5.4.1/armv6-m\libgcc.a(divsf3.o)
                              ..\obj\main.o (__aeabi_fdiv)
d:/coocox/cgnu tools arm embedded/5.4 2016q3/bin/../lib/gcc/arm-none-eabi/5.4.1/armv6-m\libgcc.a(mulsf3.o)
                              ..\obj\main.o (__aeabi_fmul)
d:/coocox/cgnu tools arm embedded/5.4 2016q3/bin/../lib/gcc/arm-none-eabi/5.4.1/armv6-m\libgcc.a(fixsfsi.o)
                              ..\obj\main.o (__aeabi_f2iz)
d:/coocox/cgnu tools arm embedded/5.4 2016q3/bin/../lib/gcc/arm-none-eabi/5.4.1/armv6-m\libgcc.a(floatsisf.o)
                              ..\obj\main.o (__aeabi_i2f)
d:/coocox/cgnu tools arm embedded/5.4 2016q3/bin/../lib/gcc/arm-none-eabi/5.4.1/armv6-m\libgcc.a(_clzsi2.o)
                              d:/coocox/cgnu tools arm embedded/5.4 2016q3/bin/../lib/gcc/arm-none-eabi/5.4.1/armv6-m\libgcc.a(divsf3.o) (__clzsi2)

Allocating common symbols
Common symbol       size              file

tegangan            0x4               ..\obj\main.o
abc                 0x4               ..\obj\main.o

Discarded input sections

 .text          0x00000000        0x0 ..\obj\system_NUC1xx.o
 .bss           0x00000000        0x0 ..\obj\system_NUC1xx.o
 .text          0x00000000        0x0 ..\obj\startup_NUC1xx.o
 .data          0x00000000        0x0 ..\obj\startup_NUC1xx.o
 .bss           0x00000000        0x0 ..\obj\startup_NUC1xx.o
 .text          0x00000000        0x0 ..\obj\Init.o
 .data          0x00000000        0x0 ..\obj\Init.o
 .bss           0x00000000        0x0 ..\obj\Init.o
 .text.GPIOA_Init
                0x00000000       0x48 ..\obj\Init.o
 .text.GPIOD_Init
                0x00000000       0x14 ..\obj\Init.o
 .text.SPI3_Init
                0x00000000       0x4c ..\obj\Init.o
 .text.Init     0x00000000       0x18 ..\obj\Init.o
 .debug_info    0x00000000      0x368 ..\obj\Init.o
 .debug_abbrev  0x00000000       0x8a ..\obj\Init.o
 .debug_aranges
                0x00000000       0x38 ..\obj\Init.o
 .debug_ranges  0x00000000       0x28 ..\obj\Init.o
 .debug_line    0x00000000       0xf8 ..\obj\Init.o
 .debug_str     0x00000000      0x688 ..\obj\Init.o
 .comment       0x00000000       0x6f ..\obj\Init.o
 .debug_frame   0x00000000       0x84 ..\obj\Init.o
 .ARM.attributes
                0x00000000       0x31 ..\obj\Init.o
 .text          0x00000000        0x0 ..\obj\DrvSPI.o
 .data          0x00000000       0x10 ..\obj\DrvSPI.o
 .text.NVIC_EnableIRQ
                0x00000000       0x2c ..\obj\DrvSPI.o
 .text.NVIC_DisableIRQ
                0x00000000       0x30 ..\obj\DrvSPI.o
 .text.NVIC_SetPriority
                0x00000000       0xdc ..\obj\DrvSPI.o
 .text.DrvSPI_Open
                0x00000000      0x444 ..\obj\DrvSPI.o
 .text.DrvSPI_Close
                0x00000000      0x18c ..\obj\DrvSPI.o
 .text.DrvSPI_Set2BitTransferMode
                0x00000000       0x68 ..\obj\DrvSPI.o
 .text.DrvSPI_SetEndian
                0x00000000       0x54 ..\obj\DrvSPI.o
 .text.DrvSPI_SetBitLength
                0x00000000       0x60 ..\obj\DrvSPI.o
 .text.DrvSPI_SetByteReorder
                0x00000000       0x9c ..\obj\DrvSPI.o
 .text.DrvSPI_SetSuspendCycle
                0x00000000       0xe0 ..\obj\DrvSPI.o
 .text.DrvSPI_SetTriggerMode
                0x00000000       0x44 ..\obj\DrvSPI.o
 .text.DrvSPI_SetSlaveSelectActiveLevel
                0x00000000       0x44 ..\obj\DrvSPI.o
 .text.DrvSPI_GetLevelTriggerStatus
                0x00000000       0x34 ..\obj\DrvSPI.o
 .text.DrvSPI_EnableAutoSS
                0x00000000       0x54 ..\obj\DrvSPI.o
 .text.DrvSPI_DisableAutoSS
                0x00000000       0x3c ..\obj\DrvSPI.o
 .text.DrvSPI_SetSS
                0x00000000       0x40 ..\obj\DrvSPI.o
 .text.DrvSPI_ClrSS
                0x00000000       0x64 ..\obj\DrvSPI.o
 .text.DrvSPI_IsBusy
                0x00000000       0x2c ..\obj\DrvSPI.o
 .text.DrvSPI_BurstTransfer
                0x00000000       0xa8 ..\obj\DrvSPI.o
 .text.DrvSPI_SetClockFreq
                0x00000000      0x10c ..\obj\DrvSPI.o
 .text.DrvSPI_GetClock1Freq
                0x00000000       0x44 ..\obj\DrvSPI.o
 .text.DrvSPI_GetClock2Freq
                0x00000000       0x44 ..\obj\DrvSPI.o
 .text.DrvSPI_SetVariableClockFunction
                0x00000000       0x64 ..\obj\DrvSPI.o
 .text.DrvSPI_EnableInt
                0x00000000       0xcc ..\obj\DrvSPI.o
 .text.DrvSPI_DisableInt
                0x00000000       0x94 ..\obj\DrvSPI.o
 .text.DrvSPI_GetIntFlag
                0x00000000       0x2c ..\obj\DrvSPI.o
 .text.DrvSPI_ClrIntFlag
                0x00000000       0x2c ..\obj\DrvSPI.o
 .text.DrvSPI_SingleRead
                0x00000000       0x58 ..\obj\DrvSPI.o
 .text.DrvSPI_SingleWrite
                0x00000000       0x58 ..\obj\DrvSPI.o
 .text.DrvSPI_BurstRead
                0x00000000       0x6c ..\obj\DrvSPI.o
 .text.DrvSPI_BurstWrite
                0x00000000       0x68 ..\obj\DrvSPI.o
 .text.DrvSPI_DumpRxRegister
                0x00000000       0x5c ..\obj\DrvSPI.o
 .text.DrvSPI_SetTxRegister
                0x00000000       0x5c ..\obj\DrvSPI.o
 .text.DrvSPI_SetGo
                0x00000000       0x2c ..\obj\DrvSPI.o
 .text.DrvSPI_ClrGo
                0x00000000       0x2c ..\obj\DrvSPI.o
 .text.DrvSPI_SetPDMA
                0x00000000       0x90 ..\obj\DrvSPI.o
 .text.DrvSPI_SetFIFOMode
                0x00000000       0xc8 ..\obj\DrvSPI.o
 .text.DrvSPI_IsRxEmpty
                0x00000000       0x2c ..\obj\DrvSPI.o
 .text.DrvSPI_IsRxFull
                0x00000000       0x2c ..\obj\DrvSPI.o
 .text.DrvSPI_IsTxEmpty
                0x00000000       0x2c ..\obj\DrvSPI.o
 .text.DrvSPI_IsTxFull
                0x00000000       0x2c ..\obj\DrvSPI.o
 .text.DrvSPI_ClrRxFIFO
                0x00000000       0x2c ..\obj\DrvSPI.o
 .text.DrvSPI_ClrTxFIFO
                0x00000000       0x2c ..\obj\DrvSPI.o
 .text.DrvSPI_EnableDivOne
                0x00000000       0x2c ..\obj\DrvSPI.o
 .text.DrvSPI_DisableDivOne
                0x00000000       0x2c ..\obj\DrvSPI.o
 .text.DrvSPI_Enable3Wire
                0x00000000       0x2c ..\obj\DrvSPI.o
 .text.DrvSPI_Disable3Wire
                0x00000000       0x30 ..\obj\DrvSPI.o
 .text.DrvSPI_3WireAbort
                0x00000000       0x2c ..\obj\DrvSPI.o
 .text.DrvSPI_Enable3WireStartInt
                0x00000000       0xcc ..\obj\DrvSPI.o
 .text.DrvSPI_Disable3WireStartInt
                0x00000000       0x94 ..\obj\DrvSPI.o
 .text.DrvSPI_Get3WireStartIntFlag
                0x00000000       0x2c ..\obj\DrvSPI.o
 .text.DrvSPI_Clr3WireStartIntFlag
                0x00000000       0x2c ..\obj\DrvSPI.o
 .text.DrvSPI_GetVersion
                0x00000000       0x10 ..\obj\DrvSPI.o
 .text          0x00000000        0x0 ..\obj\main.o
 .data          0x00000000        0x0 ..\obj\main.o
 .bss           0x00000000        0x0 ..\obj\main.o
 .text          0x00000000        0x0 ..\obj\DrvGPIO.o
 .data          0x00000000        0x0 ..\obj\DrvGPIO.o
 .text.NVIC_EnableIRQ
                0x00000000       0x2c ..\obj\DrvGPIO.o
 .text.NVIC_DisableIRQ
                0x00000000       0x30 ..\obj\DrvGPIO.o
 .text.NVIC_SetPriority
                0x00000000       0xdc ..\obj\DrvGPIO.o
 .text.DrvGPIO_Close
                0x00000000       0x60 ..\obj\DrvGPIO.o
 .text.DrvGPIO_SetPortBits
                0x00000000       0x30 ..\obj\DrvGPIO.o
 .text.DrvGPIO_GetPortBits
                0x00000000       0x2c ..\obj\DrvGPIO.o
 .text.DrvGPIO_GetDoutBit
                0x00000000       0x48 ..\obj\DrvGPIO.o
 .text.DrvGPIO_GetPortDoutBits
                0x00000000       0x38 ..\obj\DrvGPIO.o
 .text.DrvGPIO_SetBitMask
                0x00000000       0x3c ..\obj\DrvGPIO.o
 .text.DrvGPIO_GetBitMask
                0x00000000       0x38 ..\obj\DrvGPIO.o
 .text.DrvGPIO_ClrBitMask
                0x00000000       0x40 ..\obj\DrvGPIO.o
 .text.DrvGPIO_SetPortMask
                0x00000000       0x3c ..\obj\DrvGPIO.o
 .text.DrvGPIO_GetPortMask
                0x00000000       0x28 ..\obj\DrvGPIO.o
 .text.DrvGPIO_ClrPortMask
                0x00000000       0x40 ..\obj\DrvGPIO.o
 .text.DrvGPIO_EnableDigitalInputBit
                0x00000000       0x40 ..\obj\DrvGPIO.o
 .text.DrvGPIO_DisableDigitalInputBit
                0x00000000       0x40 ..\obj\DrvGPIO.o
 .text.DrvGPIO_EnableDebounce
                0x00000000       0x4c ..\obj\DrvGPIO.o
 .text.DrvGPIO_DisableDebounce
                0x00000000       0x4c ..\obj\DrvGPIO.o
 .text.DrvGPIO_SetDebounceTime
                0x00000000       0x64 ..\obj\DrvGPIO.o
 .text.DrvGPIO_GetDebounceSampleCycle
                0x00000000       0x18 ..\obj\DrvGPIO.o
 .text.DrvGPIO_EnableInt
                0x00000000      0x168 ..\obj\DrvGPIO.o
 .text.DrvGPIO_DisableInt
                0x00000000       0x7c ..\obj\DrvGPIO.o
 .text.DrvGPIO_SetIntCallback
                0x00000000       0x28 ..\obj\DrvGPIO.o
 .text.DrvGPIO_EnableEINT0
                0x00000000       0xd0 ..\obj\DrvGPIO.o
 .text.DrvGPIO_DisableEINT0
                0x00000000       0x2c ..\obj\DrvGPIO.o
 .text.DrvGPIO_EnableEINT1
                0x00000000       0xd0 ..\obj\DrvGPIO.o
 .text.DrvGPIO_DisableEINT1
                0x00000000       0x2c ..\obj\DrvGPIO.o
 .text.DrvGPIO_GetIntStatus
                0x00000000       0x2c ..\obj\DrvGPIO.o
 .text.DrvGPIO_InitFunction
                0x00000000      0x6ac ..\obj\DrvGPIO.o
 .rodata        0x00000000       0xf8 ..\obj\DrvGPIO.o
 .text.DrvGPIO_GetVersion
                0x00000000       0x10 ..\obj\DrvGPIO.o
 .text          0x00000000        0x0 ..\obj\ScanKey.o
 .data          0x00000000        0x0 ..\obj\ScanKey.o
 .bss           0x00000000        0x0 ..\obj\ScanKey.o
 .text.CloseKeyPad
                0x00000000       0x34 ..\obj\ScanKey.o
 .text          0x00000000        0x0 ..\obj\DrvSYS.o
 .data          0x00000000        0x0 ..\obj\DrvSYS.o
 .text.NVIC_EnableIRQ
                0x00000000       0x2c ..\obj\DrvSYS.o
 .text.NVIC_DisableIRQ
                0x00000000       0x30 ..\obj\DrvSYS.o
 .text.NVIC_SetPriority
                0x00000000       0xdc ..\obj\DrvSYS.o
 .text.DrvSYS_GetVersion
                0x00000000       0x10 ..\obj\DrvSYS.o
 .text.DrvSYS_ReadProductID
                0x00000000       0x10 ..\obj\DrvSYS.o
 .text.DrvSYS_UnlockProtectedReg
                0x00000000       0x54 ..\obj\DrvSYS.o
 .text.DrvSYS_LockProtectedReg
                0x00000000       0x3c ..\obj\DrvSYS.o
 .text.DrvSYS_GetResetSource
                0x00000000       0x14 ..\obj\DrvSYS.o
 .text.DrvSYS_ClearResetSource
                0x00000000       0x1c ..\obj\DrvSYS.o
 .text.DrvSYS_ResetIP
                0x00000000       0x8c ..\obj\DrvSYS.o
 .text.DrvSYS_ResetCPU
                0x00000000       0x18 ..\obj\DrvSYS.o
 .text.DrvSYS_ResetChip
                0x00000000       0x18 ..\obj\DrvSYS.o
 .text.DrvSYS_SelectBODVolt
                0x00000000       0x34 ..\obj\DrvSYS.o
 .text.DrvSYS_SetBODFunction
                0x00000000       0x80 ..\obj\DrvSYS.o
 .text.DrvSYS_EnableBODLowPowerMode
                0x00000000       0x18 ..\obj\DrvSYS.o
 .text.DrvSYS_DisableBODLowPowerMode
                0x00000000       0x18 ..\obj\DrvSYS.o
 .text.DrvSYS_GetBODState
                0x00000000       0x18 ..\obj\DrvSYS.o
 .text.DrvSYS_EnableLowVoltReset
                0x00000000       0x18 ..\obj\DrvSYS.o
 .text.DrvSYS_DisableLowVoltReset
                0x00000000       0x18 ..\obj\DrvSYS.o
 .text.DrvSYS_EnableTemperatureSensor
                0x00000000       0x18 ..\obj\DrvSYS.o
 .text.DrvSYS_DisableTemperatureSensor
                0x00000000       0x18 ..\obj\DrvSYS.o
 .text.DrvSYS_EnablePOR
                0x00000000       0x14 ..\obj\DrvSYS.o
 .text.DrvSYS_DisablePOR
                0x00000000       0x18 ..\obj\DrvSYS.o
 .text.DrvSYS_SetIPClock
                0x00000000       0xd0 ..\obj\DrvSYS.o
 .text.DrvSYS_SelectSysTickSource
                0x00000000       0x58 ..\obj\DrvSYS.o
 .text.DrvSYS_SelectIPClockSource
                0x00000000      0x1d8 ..\obj\DrvSYS.o
 .rodata        0x00000000       0x58 ..\obj\DrvSYS.o
 .text.DrvSYS_SetClockDivider
                0x00000000       0xc8 ..\obj\DrvSYS.o
 .text.DrvSYS_SetOscCtrl
                0x00000000       0xbc ..\obj\DrvSYS.o
 .text.DrvSYS_SetPowerDownWakeUpInt
                0x00000000       0x8c ..\obj\DrvSYS.o
 .text.DrvSYS_EnterPowerDown
                0x00000000       0x4c ..\obj\DrvSYS.o
 .text.DrvSYS_SelectPLLSource
                0x00000000       0x38 ..\obj\DrvSYS.o
 .text.DrvSYS_SetPLLMode
                0x00000000       0x58 ..\obj\DrvSYS.o
 .text.DrvSYS_GetExtClockFreq
                0x00000000       0x10 ..\obj\DrvSYS.o
 .text.DrvSYS_GetPLLClockFreq
                0x00000000       0xa4 ..\obj\DrvSYS.o
 .text.DrvSYS_GetHCLKFreq
                0x00000000       0x94 ..\obj\DrvSYS.o
 .text.DrvSYS_SetFreqDividerOutput
                0x00000000       0x74 ..\obj\DrvSYS.o
 .text.DrvSYS_EnableHighPerformanceMode
                0x00000000       0x18 ..\obj\DrvSYS.o
 .text.DrvSYS_DisableHighPerformanceMode
                0x00000000       0x18 ..\obj\DrvSYS.o
 .text.DrvSYS_Delay
                0x00000000       0x40 ..\obj\DrvSYS.o
 .text.DrvSYS_GetChipClockSourceStatus
                0x00000000       0x80 ..\obj\DrvSYS.o
 .text.DrvSYS_GetClockSwitchStatus
                0x00000000       0x18 ..\obj\DrvSYS.o
 .text.DrvSYS_ClearClockSwitchStatus
                0x00000000       0x18 ..\obj\DrvSYS.o
 .text          0x00000000        0x0 ..\obj\Ascii_Table.o
 .bss           0x00000000        0x0 ..\obj\Ascii_Table.o
 .text          0x00000000        0x0 ..\obj\LCD_Driver.o
 .bss           0x00000000        0x0 ..\obj\LCD_Driver.o
 .text.SysTimerDelay
                0x00000000       0x38 ..\obj\LCD_Driver.o
 .text.Disable_Buzzer
                0x00000000       0x1c ..\obj\LCD_Driver.o
 .text          0x00000000        0x0 ..\obj\core_cm0.o
 .data          0x00000000        0x0 ..\obj\core_cm0.o
 .bss           0x00000000        0x0 ..\obj\core_cm0.o
 .text.__get_PSP
                0x00000000       0x10 ..\obj\core_cm0.o
 .text.__set_PSP
                0x00000000        0xc ..\obj\core_cm0.o
 .text.__get_MSP
                0x00000000       0x10 ..\obj\core_cm0.o
 .text.__set_MSP
                0x00000000        0xc ..\obj\core_cm0.o
 .text.__get_PRIMASK
                0x00000000       0x1c ..\obj\core_cm0.o
 .text.__set_PRIMASK
                0x00000000       0x18 ..\obj\core_cm0.o
 .text.__get_CONTROL
                0x00000000       0x1c ..\obj\core_cm0.o
 .text.__set_CONTROL
                0x00000000       0x18 ..\obj\core_cm0.o
 .text.__REV    0x00000000       0x1c ..\obj\core_cm0.o
 .text.__REV16  0x00000000       0x24 ..\obj\core_cm0.o
 .text.__REVSH  0x00000000       0x24 ..\obj\core_cm0.o
 .debug_info    0x00000000      0x2a3 ..\obj\core_cm0.o
 .debug_abbrev  0x00000000       0xa3 ..\obj\core_cm0.o
 .debug_aranges
                0x00000000       0x70 ..\obj\core_cm0.o
 .debug_ranges  0x00000000       0x60 ..\obj\core_cm0.o
 .debug_line    0x00000000      0x1e2 ..\obj\core_cm0.o
 .debug_str     0x00000000      0x23a ..\obj\core_cm0.o
 .comment       0x00000000       0x6f ..\obj\core_cm0.o
 .debug_frame   0x00000000      0x130 ..\obj\core_cm0.o
 .ARM.attributes
                0x00000000       0x31 ..\obj\core_cm0.o
 .data          0x00000000        0x0 d:/coocox/cgnu tools arm embedded/5.4 2016q3/bin/../lib/gcc/arm-none-eabi/5.4.1/armv6-m\libgcc.a(_udivsi3.o)
 .bss           0x00000000        0x0 d:/coocox/cgnu tools arm embedded/5.4 2016q3/bin/../lib/gcc/arm-none-eabi/5.4.1/armv6-m\libgcc.a(_udivsi3.o)
 .data          0x00000000        0x0 d:/coocox/cgnu tools arm embedded/5.4 2016q3/bin/../lib/gcc/arm-none-eabi/5.4.1/armv6-m\libgcc.a(_dvmd_tls.o)
 .bss           0x00000000        0x0 d:/coocox/cgnu tools arm embedded/5.4 2016q3/bin/../lib/gcc/arm-none-eabi/5.4.1/armv6-m\libgcc.a(_dvmd_tls.o)
 .data          0x00000000        0x0 d:/coocox/cgnu tools arm embedded/5.4 2016q3/bin/../lib/gcc/arm-none-eabi/5.4.1/armv6-m\libgcc.a(divsf3.o)
 .bss           0x00000000        0x0 d:/coocox/cgnu tools arm embedded/5.4 2016q3/bin/../lib/gcc/arm-none-eabi/5.4.1/armv6-m\libgcc.a(divsf3.o)
 .data          0x00000000        0x0 d:/coocox/cgnu tools arm embedded/5.4 2016q3/bin/../lib/gcc/arm-none-eabi/5.4.1/armv6-m\libgcc.a(mulsf3.o)
 .bss           0x00000000        0x0 d:/coocox/cgnu tools arm embedded/5.4 2016q3/bin/../lib/gcc/arm-none-eabi/5.4.1/armv6-m\libgcc.a(mulsf3.o)
 .data          0x00000000        0x0 d:/coocox/cgnu tools arm embedded/5.4 2016q3/bin/../lib/gcc/arm-none-eabi/5.4.1/armv6-m\libgcc.a(fixsfsi.o)
 .bss           0x00000000        0x0 d:/coocox/cgnu tools arm embedded/5.4 2016q3/bin/../lib/gcc/arm-none-eabi/5.4.1/armv6-m\libgcc.a(fixsfsi.o)
 .data          0x00000000        0x0 d:/coocox/cgnu tools arm embedded/5.4 2016q3/bin/../lib/gcc/arm-none-eabi/5.4.1/armv6-m\libgcc.a(floatsisf.o)
 .bss           0x00000000        0x0 d:/coocox/cgnu tools arm embedded/5.4 2016q3/bin/../lib/gcc/arm-none-eabi/5.4.1/armv6-m\libgcc.a(floatsisf.o)
 .data          0x00000000        0x0 d:/coocox/cgnu tools arm embedded/5.4 2016q3/bin/../lib/gcc/arm-none-eabi/5.4.1/armv6-m\libgcc.a(_clzsi2.o)
 .bss           0x00000000        0x0 d:/coocox/cgnu tools arm embedded/5.4 2016q3/bin/../lib/gcc/arm-none-eabi/5.4.1/armv6-m\libgcc.a(_clzsi2.o)

Memory Configuration

Name             Origin             Length             Attributes
rom              0x00000000         0x00020000         xr
ram              0x20000000         0x00004000         xrw
*default*        0x00000000         0xffffffff

Linker script and memory map

                0x20004000                _eram = 0x20004000

.text           0x00000000     0x18d4
 *(.isr_vector)
 .isr_vector    0x00000000       0xc0 ..\obj\startup_NUC1xx.o
                0x00000000                g_pfnVectors
 *(.text*)
 .text.SystemCoreClockUpdate
                0x000000c0       0xe8 ..\obj\system_NUC1xx.o
                0x000000c0                SystemCoreClockUpdate
 .text.SystemInit
                0x000001a8        0xc ..\obj\system_NUC1xx.o
                0x000001a8                SystemInit
 .text.Default_Reset_Handler
                0x000001b4       0x64 ..\obj\startup_NUC1xx.o
                0x000001b4                Default_Reset_Handler
                0x000001b4                Reset_Handler
 .text.Default_Handler
                0x00000218        0x8 ..\obj\startup_NUC1xx.o
                0x00000218                DebugMon_Handler
                0x00000218                I2C0_IRQHandler
                0x00000218                HardFault_Handler
                0x00000218                SysTick_Handler
                0x00000218                PendSV_Handler
                0x00000218                NMI_Handler
                0x00000218                I2C1_IRQHandler
                0x00000218                UART1_IRQHandler
                0x00000218                PS2_IRQHandler
                0x00000218                USBD_IRQHandler
                0x00000218                UsageFault_Handler
                0x00000218                TMR0_IRQHandler
                0x00000218                ACMP_IRQHandler
                0x00000218                I2S_IRQHandler
                0x00000218                RTC_IRQHandler
                0x00000218                PWMA_IRQHandler
                0x00000218                ADC_IRQHandler
                0x00000218                TMR2_IRQHandler
                0x00000218                UART02_IRQHandler
                0x00000218                MemManage_Handler
                0x00000218                WDT_IRQHandler
                0x00000218                SVC_Handler
                0x00000218                PDMA_IRQHandler
                0x00000218                CAN0_IRQHandler
                0x00000218                TMR3_IRQHandler
                0x00000218                BusFault_Handler
                0x00000218                PWMB_IRQHandler
                0x00000218                TMR1_IRQHandler
 .text.SPI0_IRQHandler
                0x00000220       0x70 ..\obj\DrvSPI.o
                0x00000220                SPI0_IRQHandler
 .text.SPI1_IRQHandler
                0x00000290       0x70 ..\obj\DrvSPI.o
                0x00000290                SPI1_IRQHandler
 .text.SPI2_IRQHandler
                0x00000300       0x70 ..\obj\DrvSPI.o
                0x00000300                SPI2_IRQHandler
 .text.SPI3_IRQHandler
                0x00000370       0x70 ..\obj\DrvSPI.o
                0x00000370                SPI3_IRQHandler
 .text.delay_loop
                0x000003e0       0x38 ..\obj\main.o
                0x000003e0                delay_loop
 .text.main     0x00000418      0x148 ..\obj\main.o
                0x00000418                main
 .text.GPAB_IRQHandler
                0x00000560       0x54 ..\obj\DrvGPIO.o
                0x00000560                GPAB_IRQHandler
 .text.GPCDE_IRQHandler
                0x000005b4       0x58 ..\obj\DrvGPIO.o
                0x000005b4                GPCDE_IRQHandler
 .text.EINT0_IRQHandler
                0x0000060c       0x28 ..\obj\DrvGPIO.o
                0x0000060c                EINT0_IRQHandler
 .text.EINT1_IRQHandler
                0x00000634       0x28 ..\obj\DrvGPIO.o
                0x00000634                EINT1_IRQHandler
 .text.DrvGPIO_Open
                0x0000065c       0xd4 ..\obj\DrvGPIO.o
                0x0000065c                DrvGPIO_Open
 .text.DrvGPIO_SetBit
                0x00000730       0x50 ..\obj\DrvGPIO.o
                0x00000730                DrvGPIO_SetBit
 .text.DrvGPIO_GetBit
                0x00000780       0x4c ..\obj\DrvGPIO.o
                0x00000780                DrvGPIO_GetBit
 .text.DrvGPIO_ClrBit
                0x000007cc       0x54 ..\obj\DrvGPIO.o
                0x000007cc                DrvGPIO_ClrBit
 .text.delay    0x00000820       0x28 ..\obj\ScanKey.o
                0x00000820                delay
 .text.OpenKeyPad
                0x00000848       0x38 ..\obj\ScanKey.o
                0x00000848                OpenKeyPad
 .text.Scankey  0x00000880       0xdc ..\obj\ScanKey.o
                0x00000880                Scankey
 .text.DrvSYS_IsProtectedRegLocked
                0x0000095c       0x1c ..\obj\DrvSYS.o
                0x0000095c                DrvSYS_IsProtectedRegLocked
 .text.BOD_IRQHandler
                0x00000978       0x28 ..\obj\DrvSYS.o
                0x00000978                BOD_IRQHandler
 .text.DrvSYS_SelectHCLKSource
                0x000009a0       0x58 ..\obj\DrvSYS.o
                0x000009a0                DrvSYS_SelectHCLKSource
 .text.PWRWU_IRQHandler
                0x000009f8       0x2c ..\obj\DrvSYS.o
                0x000009f8                PWRWU_IRQHandler
 .text.DrvSYS_GetPLLContent
                0x00000a24      0x108 ..\obj\DrvSYS.o
                0x00000a24                DrvSYS_GetPLLContent
 .text.DrvSYS_SetPLLContent
                0x00000b2c       0x78 ..\obj\DrvSYS.o
                0x00000b2c                DrvSYS_SetPLLContent
 .text.DrvSYS_Open
                0x00000ba4       0xec ..\obj\DrvSYS.o
                0x00000ba4                DrvSYS_Open
 .text.Initial_pannel
                0x00000c90      0x1d0 ..\obj\LCD_Driver.o
                0x00000c90                Initial_pannel
 .text.WriteData
                0x00000e60       0x64 ..\obj\LCD_Driver.o
                0x00000e60                WriteData
 .text.SetPACA  0x00000ec4      0x104 ..\obj\LCD_Driver.o
                0x00000ec4                SetPACA
 .text.Show_Word
                0x00000fc8       0xec ..\obj\LCD_Driver.o
                0x00000fc8                Show_Word
 .text.print_lcd
                0x000010b4       0x48 ..\obj\LCD_Driver.o
                0x000010b4                print_lcd
 .text.clr_all_pannal
                0x000010fc       0x40 ..\obj\LCD_Driver.o
                0x000010fc                clr_all_pannal
 .text          0x0000113c      0x114 d:/coocox/cgnu tools arm embedded/5.4 2016q3/bin/../lib/gcc/arm-none-eabi/5.4.1/armv6-m\libgcc.a(_udivsi3.o)
                0x0000113c                __aeabi_uidiv
                0x0000113c                __udivsi3
                0x00001248                __aeabi_uidivmod
 .text          0x00001250        0x4 d:/coocox/cgnu tools arm embedded/5.4 2016q3/bin/../lib/gcc/arm-none-eabi/5.4.1/armv6-m\libgcc.a(_dvmd_tls.o)
                0x00001250                __aeabi_idiv0
                0x00001250                __aeabi_ldiv0
 .text          0x00001254      0x234 d:/coocox/cgnu tools arm embedded/5.4 2016q3/bin/../lib/gcc/arm-none-eabi/5.4.1/armv6-m\libgcc.a(divsf3.o)
                0x00001254                __aeabi_fdiv
 .text          0x00001488      0x228 d:/coocox/cgnu tools arm embedded/5.4 2016q3/bin/../lib/gcc/arm-none-eabi/5.4.1/armv6-m\libgcc.a(mulsf3.o)
                0x00001488                __aeabi_fmul
 .text          0x000016b0       0x44 d:/coocox/cgnu tools arm embedded/5.4 2016q3/bin/../lib/gcc/arm-none-eabi/5.4.1/armv6-m\libgcc.a(fixsfsi.o)
                0x000016b0                __aeabi_f2iz
 .text          0x000016f4       0x90 d:/coocox/cgnu tools arm embedded/5.4 2016q3/bin/../lib/gcc/arm-none-eabi/5.4.1/armv6-m\libgcc.a(floatsisf.o)
                0x000016f4                __aeabi_i2f
 .text          0x00001784       0x3c d:/coocox/cgnu tools arm embedded/5.4 2016q3/bin/../lib/gcc/arm-none-eabi/5.4.1/armv6-m\libgcc.a(_clzsi2.o)
                0x00001784                __clzsi2
 *(.init)
 *(.fini)
 *crtbegin.o(.ctors)
 *crtbegin?.o(.ctors)
 *(EXCLUDE_FILE(*crtend.o *crtend?.o) .ctors)
 *(SORT(.ctors.*))
 *(.ctors)
 *crtbegin.o(.dtors)
 *crtbegin?.o(.dtors)
 *(EXCLUDE_FILE(*crtend.o *crtend?.o) .dtors)
 *(SORT(.dtors.*))
 *(.dtors)
 *(.rodata*)
 .rodata        0x000017c0       0x51 ..\obj\main.o
 *fill*         0x00001811        0x3 
 .rodata        0x00001814       0x80 d:/coocox/cgnu tools arm embedded/5.4 2016q3/bin/../lib/gcc/arm-none-eabi/5.4.1/armv6-m\libgcc.a(divsf3.o)
 .rodata        0x00001894       0x40 d:/coocox/cgnu tools arm embedded/5.4 2016q3/bin/../lib/gcc/arm-none-eabi/5.4.1/armv6-m\libgcc.a(mulsf3.o)
 *(.eh_fram e*)

.glue_7         0x000018d4        0x0
 .glue_7        0x000018d4        0x0 linker stubs

.glue_7t        0x000018d4        0x0
 .glue_7t       0x000018d4        0x0 linker stubs

.vfp11_veneer   0x000018d4        0x0
 .vfp11_veneer  0x000018d4        0x0 linker stubs

.v4_bx          0x000018d4        0x0
 .v4_bx         0x000018d4        0x0 linker stubs

.iplt           0x000018d4        0x0
 .iplt          0x000018d4        0x0 ..\obj\system_NUC1xx.o

.rel.dyn        0x000018d4        0x0
 .rel.iplt      0x000018d4        0x0 ..\obj\system_NUC1xx.o

.ARM.extab
 *(.ARM.extab* .gnu.linkonce.armextab.*)
                0x000018d4                __exidx_start = .

.ARM.exidx
 *(.ARM.exidx* .gnu.linkonce.armexidx.*)
                0x000018d4                __exidx_end = .
                0x000018d4                __etext = .
                0x000018d4                _sidata = __etext

.data           0x20000000      0x61c load address 0x000018d4
                0x20000000                __data_start__ = .
                0x20000000                _sdata = __data_start__
 *(vtable)
 *(.data*)
 .data          0x20000000       0x1c ..\obj\system_NUC1xx.o
                0x20000000                SystemCoreClock
                0x20000004                CyclesPerUs
                0x20000008                gau32ClkSrcTbl
 .data          0x2000001c      0x5f0 ..\obj\Ascii_Table.o
                0x2000001c                Ascii
 .data          0x2000060c       0x10 ..\obj\LCD_Driver.o
                0x2000060c                SPI_PORT
                0x2000061c                . = ALIGN (0x4)
                [!provide]                PROVIDE (__preinit_array_start, .)
 *(.preinit_array)
                [!provide]                PROVIDE (__preinit_array_end, .)
                0x2000061c                . = ALIGN (0x4)
                [!provide]                PROVIDE (__init_array_start, .)
 *(SORT(.init_array.*))
 *(.init_array)
                [!provide]                PROVIDE (__init_array_end, .)
                0x2000061c                . = ALIGN (0x4)
                [!provide]                PROVIDE (__fini_array_start, .)
 *(SORT(.fini_array.*))
 *(.fini_array)
                [!provide]                PROVIDE (__fini_array_end, .)
 *(.jcr*)
                0x2000061c                . = ALIGN (0x4)
                0x2000061c                __data_end__ = .
                0x2000061c                _edata = __data_end__

.igot.plt       0x2000061c        0x0 load address 0x00001ef0
 .igot.plt      0x2000061c        0x0 ..\obj\system_NUC1xx.o

.bss            0x2000061c       0x70 load address 0x00001ef0
                0x2000061c                . = ALIGN (0x4)
                0x2000061c                __bss_start__ = .
                0x2000061c                _sbss = __bss_start__
 *(.bss*)
 .bss           0x2000061c       0x50 ..\obj\DrvSPI.o
 .bss           0x2000066c       0x10 ..\obj\DrvGPIO.o
 .bss           0x2000067c        0x8 ..\obj\DrvSYS.o
 *(COMMON)
 COMMON         0x20000684        0x8 ..\obj\main.o
                0x20000684                tegangan
                0x20000688                abc
                0x2000068c                . = ALIGN (0x4)
                0x2000068c                __bss_end__ = .
                0x2000068c                _ebss = __bss_end__

.heap           0x2000068c        0x0
                0x2000068c                __end__ = .
                0x2000068c                _end = __end__
                0x2000068c                end = __end__
 *(.heap*)
                0x2000068c                __HeapLimit = .

.co_stack       0x2000068c      0x404 load address 0x00001f60
                0x20000690                . = ALIGN (0x8)
 *fill*         0x2000068c        0x4 
 *(.co_stack .co_stack.*)
 .co_stack      0x20000690      0x400 ..\obj\startup_NUC1xx.o
                0x20000690                pulStack
                0x20004000                __StackTop = (ORIGIN (ram) + LENGTH (ram))
                0x20003bfc                __StackLimit = (__StackTop - SIZEOF (.co_stack))
                [!provide]                PROVIDE (__stack, __StackTop)
                0x00000001                ASSERT ((__StackLimit >= __HeapLimit), region ram  overflowed with stack)
LOAD ..\obj\system_NUC1xx.o
LOAD ..\obj\startup_NUC1xx.o
LOAD ..\obj\Init.o
LOAD ..\obj\DrvSPI.o
LOAD ..\obj\main.o
LOAD ..\obj\DrvGPIO.o
LOAD ..\obj\ScanKey.o
LOAD ..\obj\DrvSYS.o
LOAD ..\obj\Ascii_Table.o
LOAD ..\obj\LCD_Driver.o
LOAD ..\obj\core_cm0.o
START GROUP
LOAD d:/coocox/cgnu tools arm embedded/5.4 2016q3/bin/../lib/gcc/arm-none-eabi/5.4.1/armv6-m\libgcc.a
LOAD d:/coocox/cgnu tools arm embedded/5.4 2016q3/bin/../lib/gcc/arm-none-eabi/5.4.1/../../../../arm-none-eabi/lib/armv6-m\libg.a
LOAD d:/coocox/cgnu tools arm embedded/5.4 2016q3/bin/../lib/gcc/arm-none-eabi/5.4.1/../../../../arm-none-eabi/lib/armv6-m\libc.a
END GROUP
OUTPUT(LCD Keypad.elf elf32-littlearm)

.debug_info     0x00000000     0x9e0b
 .debug_info    0x00000000      0x8fa ..\obj\system_NUC1xx.o
 .debug_info    0x000008fa      0x103 ..\obj\startup_NUC1xx.o
 .debug_info    0x000009fd     0x2d06 ..\obj\DrvSPI.o
 .debug_info    0x00003703      0x1e2 ..\obj\main.o
 .debug_info    0x000038e5     0x2198 ..\obj\DrvGPIO.o
 .debug_info    0x00005a7d      0x1a9 ..\obj\ScanKey.o
 .debug_info    0x00005c26     0x254c ..\obj\DrvSYS.o
 .debug_info    0x00008172       0x4a ..\obj\Ascii_Table.o
 .debug_info    0x000081bc     0x1c4f ..\obj\LCD_Driver.o

.debug_abbrev   0x00000000      0xe56
 .debug_abbrev  0x00000000      0x10e ..\obj\system_NUC1xx.o
 .debug_abbrev  0x0000010e       0xa7 ..\obj\startup_NUC1xx.o
 .debug_abbrev  0x000001b5      0x281 ..\obj\DrvSPI.o
 .debug_abbrev  0x00000436      0x100 ..\obj\main.o
 .debug_abbrev  0x00000536      0x2fc ..\obj\DrvGPIO.o
 .debug_abbrev  0x00000832       0xcd ..\obj\ScanKey.o
 .debug_abbrev  0x000008ff      0x31a ..\obj\DrvSYS.o
 .debug_abbrev  0x00000c19       0x3c ..\obj\Ascii_Table.o
 .debug_abbrev  0x00000c55      0x201 ..\obj\LCD_Driver.o

.debug_aranges  0x00000000      0x5e8
 .debug_aranges
                0x00000000       0x28 ..\obj\system_NUC1xx.o
 .debug_aranges
                0x00000028       0x28 ..\obj\startup_NUC1xx.o
 .debug_aranges
                0x00000050      0x1e0 ..\obj\DrvSPI.o
 .debug_aranges
                0x00000230       0x28 ..\obj\main.o
 .debug_aranges
                0x00000258      0x148 ..\obj\DrvGPIO.o
 .debug_aranges
                0x000003a0       0x38 ..\obj\ScanKey.o
 .debug_aranges
                0x000003d8      0x1a0 ..\obj\DrvSYS.o
 .debug_aranges
                0x00000578       0x18 ..\obj\Ascii_Table.o
 .debug_aranges
                0x00000590       0x58 ..\obj\LCD_Driver.o

.debug_ranges   0x00000000      0x550
 .debug_ranges  0x00000000       0x18 ..\obj\system_NUC1xx.o
 .debug_ranges  0x00000018       0x18 ..\obj\startup_NUC1xx.o
 .debug_ranges  0x00000030      0x1d0 ..\obj\DrvSPI.o
 .debug_ranges  0x00000200       0x18 ..\obj\main.o
 .debug_ranges  0x00000218      0x138 ..\obj\DrvGPIO.o
 .debug_ranges  0x00000350       0x28 ..\obj\ScanKey.o
 .debug_ranges  0x00000378      0x190 ..\obj\DrvSYS.o
 .debug_ranges  0x00000508       0x48 ..\obj\LCD_Driver.o

.debug_line     0x00000000     0x2162
 .debug_line    0x00000000      0x164 ..\obj\system_NUC1xx.o
 .debug_line    0x00000164       0xa2 ..\obj\startup_NUC1xx.o
 .debug_line    0x00000206      0x886 ..\obj\DrvSPI.o
 .debug_line    0x00000a8c      0x1c1 ..\obj\main.o
 .debug_line    0x00000c4d      0x73e ..\obj\DrvGPIO.o
 .debug_line    0x0000138b      0x24c ..\obj\ScanKey.o
 .debug_line    0x000015d7      0x789 ..\obj\DrvSYS.o
 .debug_line    0x00001d60       0x8d ..\obj\Ascii_Table.o
 .debug_line    0x00001ded      0x375 ..\obj\LCD_Driver.o

.debug_str      0x00000000     0x3691
 .debug_str     0x00000000      0x477 ..\obj\system_NUC1xx.o
                                0x500 (size before relaxing)
 .debug_str     0x00000477       0xb8 ..\obj\startup_NUC1xx.o
                                0x14f (size before relaxing)
 .debug_str     0x0000052f     0x196c ..\obj\DrvSPI.o
                               0x1f98 (size before relaxing)
 .debug_str     0x00001e9b       0xae ..\obj\main.o
                                0x1d2 (size before relaxing)
 .debug_str     0x00001f49      0x9bd ..\obj\DrvGPIO.o
                               0x1ce6 (size before relaxing)
 .debug_str     0x00002906       0x88 ..\obj\ScanKey.o
                                0x24a (size before relaxing)
 .debug_str     0x0000298e      0xb37 ..\obj\DrvSYS.o
                               0x2110 (size before relaxing)
 .debug_str     0x000034c5       0xef ..\obj\Ascii_Table.o
                                0x106 (size before relaxing)
 .debug_str     0x000035b4       0xdd ..\obj\LCD_Driver.o
                                0xd6f (size before relaxing)

.comment        0x00000000       0x6e
 .comment       0x00000000       0x6e ..\obj\system_NUC1xx.o
                                 0x6f (size before relaxing)
 .comment       0x0000006e       0x6f ..\obj\startup_NUC1xx.o
 .comment       0x0000006e       0x6f ..\obj\DrvSPI.o
 .comment       0x0000006e       0x6f ..\obj\main.o
 .comment       0x0000006e       0x6f ..\obj\DrvGPIO.o
 .comment       0x0000006e       0x6f ..\obj\ScanKey.o
 .comment       0x0000006e       0x6f ..\obj\DrvSYS.o
 .comment       0x0000006e       0x6f ..\obj\Ascii_Table.o
 .comment       0x0000006e       0x6f ..\obj\LCD_Driver.o

.ARM.attributes
                0x00000000       0x31
 .ARM.attributes
                0x00000000       0x31 ..\obj\system_NUC1xx.o
 .ARM.attributes
                0x00000031       0x31 ..\obj\startup_NUC1xx.o
 .ARM.attributes
                0x00000062       0x31 ..\obj\DrvSPI.o
 .ARM.attributes
                0x00000093       0x31 ..\obj\main.o
 .ARM.attributes
                0x000000c4       0x31 ..\obj\DrvGPIO.o
 .ARM.attributes
                0x000000f5       0x31 ..\obj\ScanKey.o
 .ARM.attributes
                0x00000126       0x31 ..\obj\DrvSYS.o
 .ARM.attributes
                0x00000157       0x31 ..\obj\Ascii_Table.o
 .ARM.attributes
                0x00000188       0x31 ..\obj\LCD_Driver.o
 .ARM.attributes
                0x000001b9       0x1e d:/coocox/cgnu tools arm embedded/5.4 2016q3/bin/../lib/gcc/arm-none-eabi/5.4.1/armv6-m\libgcc.a(_udivsi3.o)
 .ARM.attributes
                0x000001d7       0x1e d:/coocox/cgnu tools arm embedded/5.4 2016q3/bin/../lib/gcc/arm-none-eabi/5.4.1/armv6-m\libgcc.a(_dvmd_tls.o)
 .ARM.attributes
                0x000001f5       0x2c d:/coocox/cgnu tools arm embedded/5.4 2016q3/bin/../lib/gcc/arm-none-eabi/5.4.1/armv6-m\libgcc.a(divsf3.o)
 .ARM.attributes
                0x00000221       0x2c d:/coocox/cgnu tools arm embedded/5.4 2016q3/bin/../lib/gcc/arm-none-eabi/5.4.1/armv6-m\libgcc.a(mulsf3.o)
 .ARM.attributes
                0x0000024d       0x2c d:/coocox/cgnu tools arm embedded/5.4 2016q3/bin/../lib/gcc/arm-none-eabi/5.4.1/armv6-m\libgcc.a(fixsfsi.o)
 .ARM.attributes
                0x00000279       0x2c d:/coocox/cgnu tools arm embedded/5.4 2016q3/bin/../lib/gcc/arm-none-eabi/5.4.1/armv6-m\libgcc.a(floatsisf.o)
 .ARM.attributes
                0x000002a5       0x1e d:/coocox/cgnu tools arm embedded/5.4 2016q3/bin/../lib/gcc/arm-none-eabi/5.4.1/armv6-m\libgcc.a(_clzsi2.o)

.debug_frame    0x00000000     0x1520
 .debug_frame   0x00000000       0x4c ..\obj\system_NUC1xx.o
 .debug_frame   0x0000004c       0x4c ..\obj\startup_NUC1xx.o
 .debug_frame   0x00000098      0x720 ..\obj\DrvSPI.o
 .debug_frame   0x000007b8       0x50 ..\obj\main.o
 .debug_frame   0x00000808      0x4c4 ..\obj\DrvGPIO.o
 .debug_frame   0x00000ccc       0x90 ..\obj\ScanKey.o
 .debug_frame   0x00000d5c      0x5dc ..\obj\DrvSYS.o
 .debug_frame   0x00001338      0x108 ..\obj\LCD_Driver.o
 .debug_frame   0x00001440       0x20 d:/coocox/cgnu tools arm embedded/5.4 2016q3/bin/../lib/gcc/arm-none-eabi/5.4.1/armv6-m\libgcc.a(_udivsi3.o)
 .debug_frame   0x00001460       0x3c d:/coocox/cgnu tools arm embedded/5.4 2016q3/bin/../lib/gcc/arm-none-eabi/5.4.1/armv6-m\libgcc.a(divsf3.o)
 .debug_frame   0x0000149c       0x38 d:/coocox/cgnu tools arm embedded/5.4 2016q3/bin/../lib/gcc/arm-none-eabi/5.4.1/armv6-m\libgcc.a(mulsf3.o)
 .debug_frame   0x000014d4       0x20 d:/coocox/cgnu tools arm embedded/5.4 2016q3/bin/../lib/gcc/arm-none-eabi/5.4.1/armv6-m\libgcc.a(fixsfsi.o)
 .debug_frame   0x000014f4       0x2c d:/coocox/cgnu tools arm embedded/5.4 2016q3/bin/../lib/gcc/arm-none-eabi/5.4.1/armv6-m\libgcc.a(floatsisf.o)
