Archive member included to satisfy reference by file (symbol)

d:/coocox/cgnu tools arm embedded/5.4 2016q3/bin/../lib/gcc/arm-none-eabi/5.4.1/armv6-m\libgcc.a(_udivsi3.o)
                              ..\obj\system_NUC1xx.o (__aeabi_uidiv)
d:/coocox/cgnu tools arm embedded/5.4 2016q3/bin/../lib/gcc/arm-none-eabi/5.4.1/armv6-m\libgcc.a(_dvmd_tls.o)
                              d:/coocox/cgnu tools arm embedded/5.4 2016q3/bin/../lib/gcc/arm-none-eabi/5.4.1/armv6-m\libgcc.a(_udivsi3.o) (__aeabi_idiv0)
d:/coocox/cgnu tools arm embedded/5.4 2016q3/bin/../lib/gcc/arm-none-eabi/5.4.1/armv6-m\libgcc.a(divsf3.o)
                              ..\obj\main.o (__aeabi_fdiv)
d:/coocox/cgnu tools arm embedded/5.4 2016q3/bin/../lib/gcc/arm-none-eabi/5.4.1/armv6-m\libgcc.a(mulsf3.o)
                              ..\obj\main.o (__aeabi_fmul)
d:/coocox/cgnu tools arm embedded/5.4 2016q3/bin/../lib/gcc/arm-none-eabi/5.4.1/armv6-m\libgcc.a(fixsfsi.o)
                              ..\obj\main.o (__aeabi_f2iz)
d:/coocox/cgnu tools arm embedded/5.4 2016q3/bin/../lib/gcc/arm-none-eabi/5.4.1/armv6-m\libgcc.a(floatsisf.o)
                              ..\obj\main.o (__aeabi_i2f)
d:/coocox/cgnu tools arm embedded/5.4 2016q3/bin/../lib/gcc/arm-none-eabi/5.4.1/armv6-m\libgcc.a(_clzsi2.o)
                              d:/coocox/cgnu tools arm embedded/5.4 2016q3/bin/../lib/gcc/arm-none-eabi/5.4.1/armv6-m\libgcc.a(divsf3.o) (__clzsi2)

Allocating common symbols
Common symbol       size              file

tegangan            0x4               ..\obj\main.o
temp                0x1               ..\obj\main.o
adc                 0x4               ..\obj\main.o
DrawBuffer          0x400             ..\obj\main.o

Discarded input sections

 .text          0x00000000        0x0 ..\obj\system_NUC1xx.o
 .bss           0x00000000        0x0 ..\obj\system_NUC1xx.o
 .text          0x00000000        0x0 ..\obj\startup_NUC1xx.o
 .data          0x00000000        0x0 ..\obj\startup_NUC1xx.o
 .bss           0x00000000        0x0 ..\obj\startup_NUC1xx.o
 .text          0x00000000        0x0 ..\obj\Init.o
 .data          0x00000000        0x0 ..\obj\Init.o
 .bss           0x00000000        0x0 ..\obj\Init.o
 .text          0x00000000        0x0 ..\obj\DrvSPI.o
 .text.NVIC_EnableIRQ
                0x00000000       0x2c ..\obj\DrvSPI.o
 .text.NVIC_DisableIRQ
                0x00000000       0x30 ..\obj\DrvSPI.o
 .text.NVIC_SetPriority
                0x00000000       0xdc ..\obj\DrvSPI.o
 .text.DrvSPI_Close
                0x00000000      0x18c ..\obj\DrvSPI.o
 .text.DrvSPI_Set2BitTransferMode
                0x00000000       0x68 ..\obj\DrvSPI.o
 .text.DrvSPI_SetBitLength
                0x00000000       0x60 ..\obj\DrvSPI.o
 .text.DrvSPI_SetByteReorder
                0x00000000       0x9c ..\obj\DrvSPI.o
 .text.DrvSPI_SetSuspendCycle
                0x00000000       0xe0 ..\obj\DrvSPI.o
 .text.DrvSPI_GetLevelTriggerStatus
                0x00000000       0x34 ..\obj\DrvSPI.o
 .text.DrvSPI_EnableAutoSS
                0x00000000       0x54 ..\obj\DrvSPI.o
 .text.DrvSPI_DisableAutoSS
                0x00000000       0x3c ..\obj\DrvSPI.o
 .text.DrvSPI_SetSS
                0x00000000       0x40 ..\obj\DrvSPI.o
 .text.DrvSPI_ClrSS
                0x00000000       0x64 ..\obj\DrvSPI.o
 .text.DrvSPI_IsBusy
                0x00000000       0x2c ..\obj\DrvSPI.o
 .text.DrvSPI_BurstTransfer
                0x00000000       0xa8 ..\obj\DrvSPI.o
 .text.DrvSPI_SetClockFreq
                0x00000000      0x10c ..\obj\DrvSPI.o
 .text.DrvSPI_GetClock1Freq
                0x00000000       0x44 ..\obj\DrvSPI.o
 .text.DrvSPI_GetClock2Freq
                0x00000000       0x44 ..\obj\DrvSPI.o
 .text.DrvSPI_SetVariableClockFunction
                0x00000000       0x64 ..\obj\DrvSPI.o
 .text.DrvSPI_EnableInt
                0x00000000       0xcc ..\obj\DrvSPI.o
 .text.DrvSPI_DisableInt
                0x00000000       0x94 ..\obj\DrvSPI.o
 .text.DrvSPI_GetIntFlag
                0x00000000       0x2c ..\obj\DrvSPI.o
 .text.DrvSPI_ClrIntFlag
                0x00000000       0x2c ..\obj\DrvSPI.o
 .text.DrvSPI_SingleRead
                0x00000000       0x58 ..\obj\DrvSPI.o
 .text.DrvSPI_SingleWrite
                0x00000000       0x58 ..\obj\DrvSPI.o
 .text.DrvSPI_BurstRead
                0x00000000       0x6c ..\obj\DrvSPI.o
 .text.DrvSPI_BurstWrite
                0x00000000       0x68 ..\obj\DrvSPI.o
 .text.DrvSPI_DumpRxRegister
                0x00000000       0x5c ..\obj\DrvSPI.o
 .text.DrvSPI_SetTxRegister
                0x00000000       0x5c ..\obj\DrvSPI.o
 .text.DrvSPI_SetGo
                0x00000000       0x2c ..\obj\DrvSPI.o
 .text.DrvSPI_ClrGo
                0x00000000       0x2c ..\obj\DrvSPI.o
 .text.DrvSPI_SetPDMA
                0x00000000       0x90 ..\obj\DrvSPI.o
 .text.DrvSPI_SetFIFOMode
                0x00000000       0xc8 ..\obj\DrvSPI.o
 .text.DrvSPI_IsRxEmpty
                0x00000000       0x2c ..\obj\DrvSPI.o
 .text.DrvSPI_IsRxFull
                0x00000000       0x2c ..\obj\DrvSPI.o
 .text.DrvSPI_IsTxEmpty
                0x00000000       0x2c ..\obj\DrvSPI.o
 .text.DrvSPI_IsTxFull
                0x00000000       0x2c ..\obj\DrvSPI.o
 .text.DrvSPI_ClrRxFIFO
                0x00000000       0x2c ..\obj\DrvSPI.o
 .text.DrvSPI_ClrTxFIFO
                0x00000000       0x2c ..\obj\DrvSPI.o
 .text.DrvSPI_EnableDivOne
                0x00000000       0x2c ..\obj\DrvSPI.o
 .text.DrvSPI_DisableDivOne
                0x00000000       0x2c ..\obj\DrvSPI.o
 .text.DrvSPI_Enable3Wire
                0x00000000       0x2c ..\obj\DrvSPI.o
 .text.DrvSPI_Disable3Wire
                0x00000000       0x30 ..\obj\DrvSPI.o
 .text.DrvSPI_3WireAbort
                0x00000000       0x2c ..\obj\DrvSPI.o
 .text.DrvSPI_Enable3WireStartInt
                0x00000000       0xcc ..\obj\DrvSPI.o
 .text.DrvSPI_Disable3WireStartInt
                0x00000000       0x94 ..\obj\DrvSPI.o
 .text.DrvSPI_Get3WireStartIntFlag
                0x00000000       0x2c ..\obj\DrvSPI.o
 .text.DrvSPI_Clr3WireStartIntFlag
                0x00000000       0x2c ..\obj\DrvSPI.o
 .text.DrvSPI_GetVersion
                0x00000000       0x10 ..\obj\DrvSPI.o
 .text          0x00000000        0x0 ..\obj\main.o
 .bss           0x00000000        0x0 ..\obj\main.o
 .text          0x00000000        0x0 ..\obj\DrvGPIO.o
 .data          0x00000000        0x0 ..\obj\DrvGPIO.o
 .text.NVIC_EnableIRQ
                0x00000000       0x2c ..\obj\DrvGPIO.o
 .text.NVIC_DisableIRQ
                0x00000000       0x30 ..\obj\DrvGPIO.o
 .text.NVIC_SetPriority
                0x00000000       0xdc ..\obj\DrvGPIO.o
 .text.DrvGPIO_Close
                0x00000000       0x60 ..\obj\DrvGPIO.o
 .text.DrvGPIO_SetPortBits
                0x00000000       0x30 ..\obj\DrvGPIO.o
 .text.DrvGPIO_GetPortBits
                0x00000000       0x2c ..\obj\DrvGPIO.o
 .text.DrvGPIO_GetDoutBit
                0x00000000       0x48 ..\obj\DrvGPIO.o
 .text.DrvGPIO_GetPortDoutBits
                0x00000000       0x38 ..\obj\DrvGPIO.o
 .text.DrvGPIO_SetBitMask
                0x00000000       0x3c ..\obj\DrvGPIO.o
 .text.DrvGPIO_GetBitMask
                0x00000000       0x38 ..\obj\DrvGPIO.o
 .text.DrvGPIO_ClrBitMask
                0x00000000       0x40 ..\obj\DrvGPIO.o
 .text.DrvGPIO_SetPortMask
                0x00000000       0x3c ..\obj\DrvGPIO.o
 .text.DrvGPIO_GetPortMask
                0x00000000       0x28 ..\obj\DrvGPIO.o
 .text.DrvGPIO_ClrPortMask
                0x00000000       0x40 ..\obj\DrvGPIO.o
 .text.DrvGPIO_EnableDigitalInputBit
                0x00000000       0x40 ..\obj\DrvGPIO.o
 .text.DrvGPIO_DisableDigitalInputBit
                0x00000000       0x40 ..\obj\DrvGPIO.o
 .text.DrvGPIO_EnableDebounce
                0x00000000       0x4c ..\obj\DrvGPIO.o
 .text.DrvGPIO_DisableDebounce
                0x00000000       0x4c ..\obj\DrvGPIO.o
 .text.DrvGPIO_SetDebounceTime
                0x00000000       0x64 ..\obj\DrvGPIO.o
 .text.DrvGPIO_GetDebounceSampleCycle
                0x00000000       0x18 ..\obj\DrvGPIO.o
 .text.DrvGPIO_EnableInt
                0x00000000      0x168 ..\obj\DrvGPIO.o
 .text.DrvGPIO_DisableInt
                0x00000000       0x7c ..\obj\DrvGPIO.o
 .text.DrvGPIO_SetIntCallback
                0x00000000       0x28 ..\obj\DrvGPIO.o
 .text.DrvGPIO_EnableEINT0
                0x00000000       0xd0 ..\obj\DrvGPIO.o
 .text.DrvGPIO_DisableEINT0
                0x00000000       0x2c ..\obj\DrvGPIO.o
 .text.DrvGPIO_EnableEINT1
                0x00000000       0xd0 ..\obj\DrvGPIO.o
 .text.DrvGPIO_DisableEINT1
                0x00000000       0x2c ..\obj\DrvGPIO.o
 .text.DrvGPIO_GetIntStatus
                0x00000000       0x2c ..\obj\DrvGPIO.o
 .text.DrvGPIO_GetVersion
                0x00000000       0x10 ..\obj\DrvGPIO.o
 .text          0x00000000        0x0 ..\obj\ScanKey.o
 .data          0x00000000        0x0 ..\obj\ScanKey.o
 .bss           0x00000000        0x0 ..\obj\ScanKey.o
 .text.CloseKeyPad
                0x00000000       0x34 ..\obj\ScanKey.o
 .text          0x00000000        0x0 ..\obj\DrvSYS.o
 .data          0x00000000        0x0 ..\obj\DrvSYS.o
 .text.NVIC_EnableIRQ
                0x00000000       0x2c ..\obj\DrvSYS.o
 .text.NVIC_DisableIRQ
                0x00000000       0x30 ..\obj\DrvSYS.o
 .text.NVIC_SetPriority
                0x00000000       0xdc ..\obj\DrvSYS.o
 .text.DrvSYS_GetVersion
                0x00000000       0x10 ..\obj\DrvSYS.o
 .text.DrvSYS_ReadProductID
                0x00000000       0x10 ..\obj\DrvSYS.o
 .text.DrvSYS_UnlockProtectedReg
                0x00000000       0x54 ..\obj\DrvSYS.o
 .text.DrvSYS_LockProtectedReg
                0x00000000       0x3c ..\obj\DrvSYS.o
 .text.DrvSYS_IsProtectedRegLocked
                0x00000000       0x1c ..\obj\DrvSYS.o
 .text.DrvSYS_GetResetSource
                0x00000000       0x14 ..\obj\DrvSYS.o
 .text.DrvSYS_ClearResetSource
                0x00000000       0x1c ..\obj\DrvSYS.o
 .text.DrvSYS_ResetIP
                0x00000000       0x8c ..\obj\DrvSYS.o
 .text.DrvSYS_ResetCPU
                0x00000000       0x18 ..\obj\DrvSYS.o
 .text.DrvSYS_ResetChip
                0x00000000       0x18 ..\obj\DrvSYS.o
 .text.DrvSYS_SelectBODVolt
                0x00000000       0x34 ..\obj\DrvSYS.o
 .text.DrvSYS_SetBODFunction
                0x00000000       0x80 ..\obj\DrvSYS.o
 .text.DrvSYS_EnableBODLowPowerMode
                0x00000000       0x18 ..\obj\DrvSYS.o
 .text.DrvSYS_DisableBODLowPowerMode
                0x00000000       0x18 ..\obj\DrvSYS.o
 .text.DrvSYS_GetBODState
                0x00000000       0x18 ..\obj\DrvSYS.o
 .text.DrvSYS_EnableLowVoltReset
                0x00000000       0x18 ..\obj\DrvSYS.o
 .text.DrvSYS_DisableLowVoltReset
                0x00000000       0x18 ..\obj\DrvSYS.o
 .text.DrvSYS_EnableTemperatureSensor
                0x00000000       0x18 ..\obj\DrvSYS.o
 .text.DrvSYS_DisableTemperatureSensor
                0x00000000       0x18 ..\obj\DrvSYS.o
 .text.DrvSYS_EnablePOR
                0x00000000       0x14 ..\obj\DrvSYS.o
 .text.DrvSYS_DisablePOR
                0x00000000       0x18 ..\obj\DrvSYS.o
 .text.DrvSYS_SetIPClock
                0x00000000       0xd0 ..\obj\DrvSYS.o
 .text.DrvSYS_SelectSysTickSource
                0x00000000       0x58 ..\obj\DrvSYS.o
 .text.DrvSYS_SelectIPClockSource
                0x00000000      0x1d8 ..\obj\DrvSYS.o
 .rodata        0x00000000       0x58 ..\obj\DrvSYS.o
 .text.DrvSYS_SetClockDivider
                0x00000000       0xc8 ..\obj\DrvSYS.o
 .text.DrvSYS_SetPowerDownWakeUpInt
                0x00000000       0x8c ..\obj\DrvSYS.o
 .text.DrvSYS_EnterPowerDown
                0x00000000       0x4c ..\obj\DrvSYS.o
 .text.DrvSYS_SelectPLLSource
                0x00000000       0x38 ..\obj\DrvSYS.o
 .text.DrvSYS_SetPLLMode
                0x00000000       0x58 ..\obj\DrvSYS.o
 .text.DrvSYS_GetExtClockFreq
                0x00000000       0x10 ..\obj\DrvSYS.o
 .text.DrvSYS_GetPLLContent
                0x00000000      0x108 ..\obj\DrvSYS.o
 .text.DrvSYS_SetPLLContent
                0x00000000       0x78 ..\obj\DrvSYS.o
 .text.DrvSYS_GetPLLClockFreq
                0x00000000       0xa4 ..\obj\DrvSYS.o
 .text.DrvSYS_GetHCLKFreq
                0x00000000       0x94 ..\obj\DrvSYS.o
 .text.DrvSYS_Open
                0x00000000       0xec ..\obj\DrvSYS.o
 .text.DrvSYS_SetFreqDividerOutput
                0x00000000       0x74 ..\obj\DrvSYS.o
 .text.DrvSYS_EnableHighPerformanceMode
                0x00000000       0x18 ..\obj\DrvSYS.o
 .text.DrvSYS_DisableHighPerformanceMode
                0x00000000       0x18 ..\obj\DrvSYS.o
 .text.DrvSYS_GetChipClockSourceStatus
                0x00000000       0x80 ..\obj\DrvSYS.o
 .text.DrvSYS_GetClockSwitchStatus
                0x00000000       0x18 ..\obj\DrvSYS.o
 .text.DrvSYS_ClearClockSwitchStatus
                0x00000000       0x18 ..\obj\DrvSYS.o
 .text          0x00000000        0x0 ..\obj\Ascii_Table.o
 .bss           0x00000000        0x0 ..\obj\Ascii_Table.o
 .text          0x00000000        0x0 ..\obj\LCD_Driver.o
 .bss           0x00000000        0x0 ..\obj\LCD_Driver.o
 .text.SysTimerDelay
                0x00000000       0x38 ..\obj\LCD_Driver.o
 .text.Disable_Buzzer
                0x00000000       0x1c ..\obj\LCD_Driver.o
 .text          0x00000000        0x0 ..\obj\core_cm0.o
 .data          0x00000000        0x0 ..\obj\core_cm0.o
 .bss           0x00000000        0x0 ..\obj\core_cm0.o
 .text.__get_PSP
                0x00000000       0x10 ..\obj\core_cm0.o
 .text.__set_PSP
                0x00000000        0xc ..\obj\core_cm0.o
 .text.__get_MSP
                0x00000000       0x10 ..\obj\core_cm0.o
 .text.__set_MSP
                0x00000000        0xc ..\obj\core_cm0.o
 .text.__get_PRIMASK
                0x00000000       0x1c ..\obj\core_cm0.o
 .text.__set_PRIMASK
                0x00000000       0x18 ..\obj\core_cm0.o
 .text.__get_CONTROL
                0x00000000       0x1c ..\obj\core_cm0.o
 .text.__set_CONTROL
                0x00000000       0x18 ..\obj\core_cm0.o
 .text.__REV    0x00000000       0x1c ..\obj\core_cm0.o
 .text.__REV16  0x00000000       0x24 ..\obj\core_cm0.o
 .text.__REVSH  0x00000000       0x24 ..\obj\core_cm0.o
 .debug_info    0x00000000      0x2a3 ..\obj\core_cm0.o
 .debug_abbrev  0x00000000       0xa3 ..\obj\core_cm0.o
 .debug_aranges
                0x00000000       0x70 ..\obj\core_cm0.o
 .debug_ranges  0x00000000       0x60 ..\obj\core_cm0.o
 .debug_line    0x00000000      0x1ea ..\obj\core_cm0.o
 .debug_str     0x00000000      0x242 ..\obj\core_cm0.o
 .comment       0x00000000       0x6f ..\obj\core_cm0.o
 .debug_frame   0x00000000      0x130 ..\obj\core_cm0.o
 .ARM.attributes
                0x00000000       0x31 ..\obj\core_cm0.o
 .data          0x00000000        0x0 d:/coocox/cgnu tools arm embedded/5.4 2016q3/bin/../lib/gcc/arm-none-eabi/5.4.1/armv6-m\libgcc.a(_udivsi3.o)
 .bss           0x00000000        0x0 d:/coocox/cgnu tools arm embedded/5.4 2016q3/bin/../lib/gcc/arm-none-eabi/5.4.1/armv6-m\libgcc.a(_udivsi3.o)
 .data          0x00000000        0x0 d:/coocox/cgnu tools arm embedded/5.4 2016q3/bin/../lib/gcc/arm-none-eabi/5.4.1/armv6-m\libgcc.a(_dvmd_tls.o)
 .bss           0x00000000        0x0 d:/coocox/cgnu tools arm embedded/5.4 2016q3/bin/../lib/gcc/arm-none-eabi/5.4.1/armv6-m\libgcc.a(_dvmd_tls.o)
 .data          0x00000000        0x0 d:/coocox/cgnu tools arm embedded/5.4 2016q3/bin/../lib/gcc/arm-none-eabi/5.4.1/armv6-m\libgcc.a(divsf3.o)
 .bss           0x00000000        0x0 d:/coocox/cgnu tools arm embedded/5.4 2016q3/bin/../lib/gcc/arm-none-eabi/5.4.1/armv6-m\libgcc.a(divsf3.o)
 .data          0x00000000        0x0 d:/coocox/cgnu tools arm embedded/5.4 2016q3/bin/../lib/gcc/arm-none-eabi/5.4.1/armv6-m\libgcc.a(mulsf3.o)
 .bss           0x00000000        0x0 d:/coocox/cgnu tools arm embedded/5.4 2016q3/bin/../lib/gcc/arm-none-eabi/5.4.1/armv6-m\libgcc.a(mulsf3.o)
 .data          0x00000000        0x0 d:/coocox/cgnu tools arm embedded/5.4 2016q3/bin/../lib/gcc/arm-none-eabi/5.4.1/armv6-m\libgcc.a(fixsfsi.o)
 .bss           0x00000000        0x0 d:/coocox/cgnu tools arm embedded/5.4 2016q3/bin/../lib/gcc/arm-none-eabi/5.4.1/armv6-m\libgcc.a(fixsfsi.o)
 .data          0x00000000        0x0 d:/coocox/cgnu tools arm embedded/5.4 2016q3/bin/../lib/gcc/arm-none-eabi/5.4.1/armv6-m\libgcc.a(floatsisf.o)
 .bss           0x00000000        0x0 d:/coocox/cgnu tools arm embedded/5.4 2016q3/bin/../lib/gcc/arm-none-eabi/5.4.1/armv6-m\libgcc.a(floatsisf.o)
 .data          0x00000000        0x0 d:/coocox/cgnu tools arm embedded/5.4 2016q3/bin/../lib/gcc/arm-none-eabi/5.4.1/armv6-m\libgcc.a(_clzsi2.o)
 .bss           0x00000000        0x0 d:/coocox/cgnu tools arm embedded/5.4 2016q3/bin/../lib/gcc/arm-none-eabi/5.4.1/armv6-m\libgcc.a(_clzsi2.o)

Memory Configuration

Name             Origin             Length             Attributes
rom              0x00000000         0x00020000         xr
ram              0x20000000         0x00004000         xrw
*default*        0x00000000         0xffffffff

Linker script and memory map

                0x20004000                _eram = 0x20004000

.text           0x00000000     0x24fc
 *(.isr_vector)
 .isr_vector    0x00000000       0xc0 ..\obj\startup_NUC1xx.o
                0x00000000                g_pfnVectors
 *(.text*)
 .text.SystemCoreClockUpdate
                0x000000c0       0xe8 ..\obj\system_NUC1xx.o
                0x000000c0                SystemCoreClockUpdate
 .text.SystemInit
                0x000001a8        0xc ..\obj\system_NUC1xx.o
                0x000001a8                SystemInit
 .text.Default_Reset_Handler
                0x000001b4       0x64 ..\obj\startup_NUC1xx.o
                0x000001b4                Default_Reset_Handler
                0x000001b4                Reset_Handler
 .text.Default_Handler
                0x00000218        0x8 ..\obj\startup_NUC1xx.o
                0x00000218                DebugMon_Handler
                0x00000218                I2C0_IRQHandler
                0x00000218                HardFault_Handler
                0x00000218                SysTick_Handler
                0x00000218                PendSV_Handler
                0x00000218                NMI_Handler
                0x00000218                I2C1_IRQHandler
                0x00000218                UART1_IRQHandler
                0x00000218                PS2_IRQHandler
                0x00000218                USBD_IRQHandler
                0x00000218                UsageFault_Handler
                0x00000218                TMR0_IRQHandler
                0x00000218                ACMP_IRQHandler
                0x00000218                I2S_IRQHandler
                0x00000218                RTC_IRQHandler
                0x00000218                PWMA_IRQHandler
                0x00000218                ADC_IRQHandler
                0x00000218                TMR2_IRQHandler
                0x00000218                UART02_IRQHandler
                0x00000218                MemManage_Handler
                0x00000218                WDT_IRQHandler
                0x00000218                SVC_Handler
                0x00000218                PDMA_IRQHandler
                0x00000218                CAN0_IRQHandler
                0x00000218                TMR3_IRQHandler
                0x00000218                BusFault_Handler
                0x00000218                PWMB_IRQHandler
                0x00000218                TMR1_IRQHandler
 .text.GPIOA_Init
                0x00000220       0x48 ..\obj\Init.o
                0x00000220                GPIOA_Init
 .text.GPIOD_Init
                0x00000268       0x14 ..\obj\Init.o
                0x00000268                GPIOD_Init
 .text.SPI3_Init
                0x0000027c       0x4c ..\obj\Init.o
                0x0000027c                SPI3_Init
 .text.Init     0x000002c8       0x18 ..\obj\Init.o
                0x000002c8                Init
 .text.SPI0_IRQHandler
                0x000002e0       0x70 ..\obj\DrvSPI.o
                0x000002e0                SPI0_IRQHandler
 .text.SPI1_IRQHandler
                0x00000350       0x70 ..\obj\DrvSPI.o
                0x00000350                SPI1_IRQHandler
 .text.SPI2_IRQHandler
                0x000003c0       0x70 ..\obj\DrvSPI.o
                0x000003c0                SPI2_IRQHandler
 .text.SPI3_IRQHandler
                0x00000430       0x70 ..\obj\DrvSPI.o
                0x00000430                SPI3_IRQHandler
 .text.DrvSPI_Open
                0x000004a0      0x444 ..\obj\DrvSPI.o
                0x000004a0                DrvSPI_Open
 .text.DrvSPI_SetEndian
                0x000008e4       0x54 ..\obj\DrvSPI.o
                0x000008e4                DrvSPI_SetEndian
 .text.DrvSPI_SetTriggerMode
                0x00000938       0x44 ..\obj\DrvSPI.o
                0x00000938                DrvSPI_SetTriggerMode
 .text.DrvSPI_SetSlaveSelectActiveLevel
                0x0000097c       0x44 ..\obj\DrvSPI.o
                0x0000097c                DrvSPI_SetSlaveSelectActiveLevel
 .text.draw_LCD
                0x000009c0       0x70 ..\obj\main.o
                0x000009c0                draw_LCD
 .text.main     0x00000a30      0x18c ..\obj\main.o
                0x00000a30                main
 .text.GPAB_IRQHandler
                0x00000bbc       0x54 ..\obj\DrvGPIO.o
                0x00000bbc                GPAB_IRQHandler
 .text.GPCDE_IRQHandler
                0x00000c10       0x58 ..\obj\DrvGPIO.o
                0x00000c10                GPCDE_IRQHandler
 .text.EINT0_IRQHandler
                0x00000c68       0x28 ..\obj\DrvGPIO.o
                0x00000c68                EINT0_IRQHandler
 .text.EINT1_IRQHandler
                0x00000c90       0x28 ..\obj\DrvGPIO.o
                0x00000c90                EINT1_IRQHandler
 .text.DrvGPIO_Open
                0x00000cb8       0xd4 ..\obj\DrvGPIO.o
                0x00000cb8                DrvGPIO_Open
 .text.DrvGPIO_SetBit
                0x00000d8c       0x50 ..\obj\DrvGPIO.o
                0x00000d8c                DrvGPIO_SetBit
 .text.DrvGPIO_GetBit
                0x00000ddc       0x4c ..\obj\DrvGPIO.o
                0x00000ddc                DrvGPIO_GetBit
 .text.DrvGPIO_ClrBit
                0x00000e28       0x54 ..\obj\DrvGPIO.o
                0x00000e28                DrvGPIO_ClrBit
 .text.DrvGPIO_InitFunction
                0x00000e7c      0x6ac ..\obj\DrvGPIO.o
                0x00000e7c                DrvGPIO_InitFunction
 .text.delay    0x00001528       0x28 ..\obj\ScanKey.o
                0x00001528                delay
 .text.OpenKeyPad
                0x00001550       0x38 ..\obj\ScanKey.o
                0x00001550                OpenKeyPad
 .text.Scankey  0x00001588       0xdc ..\obj\ScanKey.o
                0x00001588                Scankey
 .text.BOD_IRQHandler
                0x00001664       0x28 ..\obj\DrvSYS.o
                0x00001664                BOD_IRQHandler
 .text.DrvSYS_SelectHCLKSource
                0x0000168c       0x58 ..\obj\DrvSYS.o
                0x0000168c                DrvSYS_SelectHCLKSource
 .text.DrvSYS_SetOscCtrl
                0x000016e4       0xbc ..\obj\DrvSYS.o
                0x000016e4                DrvSYS_SetOscCtrl
 .text.PWRWU_IRQHandler
                0x000017a0       0x2c ..\obj\DrvSYS.o
                0x000017a0                PWRWU_IRQHandler
 .text.DrvSYS_Delay
                0x000017cc       0x40 ..\obj\DrvSYS.o
                0x000017cc                DrvSYS_Delay
 .text.Initial_pannel
                0x0000180c      0x1d0 ..\obj\LCD_Driver.o
                0x0000180c                Initial_pannel
 .text.WriteData
                0x000019dc       0x64 ..\obj\LCD_Driver.o
                0x000019dc                WriteData
 .text.SetPACA  0x00001a40      0x104 ..\obj\LCD_Driver.o
                0x00001a40                SetPACA
 .text.Show_Word
                0x00001b44       0xec ..\obj\LCD_Driver.o
                0x00001b44                Show_Word
 .text.print_lcd
                0x00001c30       0x48 ..\obj\LCD_Driver.o
                0x00001c30                print_lcd
 .text.clr_all_pannal
                0x00001c78       0x40 ..\obj\LCD_Driver.o
                0x00001c78                clr_all_pannal
 .text          0x00001cb8      0x114 d:/coocox/cgnu tools arm embedded/5.4 2016q3/bin/../lib/gcc/arm-none-eabi/5.4.1/armv6-m\libgcc.a(_udivsi3.o)
                0x00001cb8                __aeabi_uidiv
                0x00001cb8                __udivsi3
                0x00001dc4                __aeabi_uidivmod
 .text          0x00001dcc        0x4 d:/coocox/cgnu tools arm embedded/5.4 2016q3/bin/../lib/gcc/arm-none-eabi/5.4.1/armv6-m\libgcc.a(_dvmd_tls.o)
                0x00001dcc                __aeabi_idiv0
                0x00001dcc                __aeabi_ldiv0
 .text          0x00001dd0      0x234 d:/coocox/cgnu tools arm embedded/5.4 2016q3/bin/../lib/gcc/arm-none-eabi/5.4.1/armv6-m\libgcc.a(divsf3.o)
                0x00001dd0                __aeabi_fdiv
 .text          0x00002004      0x228 d:/coocox/cgnu tools arm embedded/5.4 2016q3/bin/../lib/gcc/arm-none-eabi/5.4.1/armv6-m\libgcc.a(mulsf3.o)
                0x00002004                __aeabi_fmul
 .text          0x0000222c       0x44 d:/coocox/cgnu tools arm embedded/5.4 2016q3/bin/../lib/gcc/arm-none-eabi/5.4.1/armv6-m\libgcc.a(fixsfsi.o)
                0x0000222c                __aeabi_f2iz
 .text          0x00002270       0x90 d:/coocox/cgnu tools arm embedded/5.4 2016q3/bin/../lib/gcc/arm-none-eabi/5.4.1/armv6-m\libgcc.a(floatsisf.o)
                0x00002270                __aeabi_i2f
 .text          0x00002300       0x3c d:/coocox/cgnu tools arm embedded/5.4 2016q3/bin/../lib/gcc/arm-none-eabi/5.4.1/armv6-m\libgcc.a(_clzsi2.o)
                0x00002300                __clzsi2
 *(.init)
 *(.fini)
 *crtbegin.o(.ctors)
 *crtbegin?.o(.ctors)
 *(EXCLUDE_FILE(*crtend.o *crtend?.o) .ctors)
 *(SORT(.ctors.*))
 *(.ctors)
 *crtbegin.o(.dtors)
 *crtbegin?.o(.dtors)
 *(EXCLUDE_FILE(*crtend.o *crtend?.o) .dtors)
 *(SORT(.dtors.*))
 *(.dtors)
 *(.rodata*)
 .rodata        0x0000233c        0x8 ..\obj\main.o
 .rodata        0x00002344       0xf8 ..\obj\DrvGPIO.o
 .rodata        0x0000243c       0x80 d:/coocox/cgnu tools arm embedded/5.4 2016q3/bin/../lib/gcc/arm-none-eabi/5.4.1/armv6-m\libgcc.a(divsf3.o)
 .rodata        0x000024bc       0x40 d:/coocox/cgnu tools arm embedded/5.4 2016q3/bin/../lib/gcc/arm-none-eabi/5.4.1/armv6-m\libgcc.a(mulsf3.o)
 *(.eh_fram e*)

.glue_7         0x000024fc        0x0
 .glue_7        0x000024fc        0x0 linker stubs

.glue_7t        0x000024fc        0x0
 .glue_7t       0x000024fc        0x0 linker stubs

.vfp11_veneer   0x000024fc        0x0
 .vfp11_veneer  0x000024fc        0x0 linker stubs

.v4_bx          0x000024fc        0x0
 .v4_bx         0x000024fc        0x0 linker stubs

.iplt           0x000024fc        0x0
 .iplt          0x000024fc        0x0 ..\obj\system_NUC1xx.o

.rel.dyn        0x000024fc        0x0
 .rel.iplt      0x000024fc        0x0 ..\obj\system_NUC1xx.o

.ARM.extab
 *(.ARM.extab* .gnu.linkonce.armextab.*)
                0x000024fc                __exidx_start = .

.ARM.exidx
 *(.ARM.exidx* .gnu.linkonce.armexidx.*)
                0x000024fc                __exidx_end = .
                0x000024fc                __etext = .
                0x000024fc                _sidata = __etext

.data           0x20000000      0xa2c load address 0x000024fc
                0x20000000                __data_start__ = .
                0x20000000                _sdata = __data_start__
 *(vtable)
 *(.data*)
 .data          0x20000000       0x1c ..\obj\system_NUC1xx.o
                0x20000000                SystemCoreClock
                0x20000004                CyclesPerUs
                0x20000008                gau32ClkSrcTbl
 .data          0x2000001c       0x10 ..\obj\DrvSPI.o
 .data          0x2000002c      0x400 ..\obj\main.o
                0x2000002c                Zoro
                0x2000022c                Luffy
 .data          0x2000042c      0x5f0 ..\obj\Ascii_Table.o
                0x2000042c                Ascii
 .data          0x20000a1c       0x10 ..\obj\LCD_Driver.o
                0x20000a1c                SPI_PORT
                0x20000a2c                . = ALIGN (0x4)
                [!provide]                PROVIDE (__preinit_array_start, .)
 *(.preinit_array)
                [!provide]                PROVIDE (__preinit_array_end, .)
                0x20000a2c                . = ALIGN (0x4)
                [!provide]                PROVIDE (__init_array_start, .)
 *(SORT(.init_array.*))
 *(.init_array)
                [!provide]                PROVIDE (__init_array_end, .)
                0x20000a2c                . = ALIGN (0x4)
                [!provide]                PROVIDE (__fini_array_start, .)
 *(SORT(.fini_array.*))
 *(.fini_array)
                [!provide]                PROVIDE (__fini_array_end, .)
 *(.jcr*)
                0x20000a2c                . = ALIGN (0x4)
                0x20000a2c                __data_end__ = .
                0x20000a2c                _edata = __data_end__

.igot.plt       0x20000a2c        0x0 load address 0x00002f28
 .igot.plt      0x20000a2c        0x0 ..\obj\system_NUC1xx.o

.bss            0x20000a2c      0x474 load address 0x00002f28
                0x20000a2c                . = ALIGN (0x4)
                0x20000a2c                __bss_start__ = .
                0x20000a2c                _sbss = __bss_start__
 *(.bss*)
 .bss           0x20000a2c       0x50 ..\obj\DrvSPI.o
 .bss           0x20000a7c       0x10 ..\obj\DrvGPIO.o
 .bss           0x20000a8c        0x8 ..\obj\DrvSYS.o
 *(COMMON)
 COMMON         0x20000a94      0x40c ..\obj\main.o
                0x20000a94                tegangan
                0x20000a98                temp
                0x20000a9c                adc
                0x20000aa0                DrawBuffer
                0x20000ea0                . = ALIGN (0x4)
                0x20000ea0                __bss_end__ = .
                0x20000ea0                _ebss = __bss_end__

.heap           0x20000ea0        0x0
                0x20000ea0                __end__ = .
                0x20000ea0                _end = __end__
                0x20000ea0                end = __end__
 *(.heap*)
                0x20000ea0                __HeapLimit = .

.co_stack       0x20000ea0      0x400 load address 0x0000339c
                0x20000ea0                . = ALIGN (0x8)
 *(.co_stack .co_stack.*)
 .co_stack      0x20000ea0      0x400 ..\obj\startup_NUC1xx.o
                0x20000ea0                pulStack
                0x20004000                __StackTop = (ORIGIN (ram) + LENGTH (ram))
                0x20003c00                __StackLimit = (__StackTop - SIZEOF (.co_stack))
                [!provide]                PROVIDE (__stack, __StackTop)
                0x00000001                ASSERT ((__StackLimit >= __HeapLimit), region ram  overflowed with stack)
LOAD ..\obj\system_NUC1xx.o
LOAD ..\obj\startup_NUC1xx.o
LOAD ..\obj\Init.o
LOAD ..\obj\DrvSPI.o
LOAD ..\obj\main.o
LOAD ..\obj\DrvGPIO.o
LOAD ..\obj\ScanKey.o
LOAD ..\obj\DrvSYS.o
LOAD ..\obj\Ascii_Table.o
LOAD ..\obj\LCD_Driver.o
LOAD ..\obj\core_cm0.o
START GROUP
LOAD d:/coocox/cgnu tools arm embedded/5.4 2016q3/bin/../lib/gcc/arm-none-eabi/5.4.1/armv6-m\libgcc.a
LOAD d:/coocox/cgnu tools arm embedded/5.4 2016q3/bin/../lib/gcc/arm-none-eabi/5.4.1/../../../../arm-none-eabi/lib/armv6-m\libg.a
LOAD d:/coocox/cgnu tools arm embedded/5.4 2016q3/bin/../lib/gcc/arm-none-eabi/5.4.1/../../../../arm-none-eabi/lib/armv6-m\libc.a
END GROUP
OUTPUT(LCD Keypad Animasi.elf elf32-littlearm)

.debug_info     0x00000000     0xa209
 .debug_info    0x00000000      0x8fa ..\obj\system_NUC1xx.o
 .debug_info    0x000008fa      0x103 ..\obj\startup_NUC1xx.o
 .debug_info    0x000009fd      0x368 ..\obj\Init.o
 .debug_info    0x00000d65     0x2d06 ..\obj\DrvSPI.o
 .debug_info    0x00003a6b      0x278 ..\obj\main.o
 .debug_info    0x00003ce3     0x2198 ..\obj\DrvGPIO.o
 .debug_info    0x00005e7b      0x1a9 ..\obj\ScanKey.o
 .debug_info    0x00006024     0x254c ..\obj\DrvSYS.o
 .debug_info    0x00008570       0x4a ..\obj\Ascii_Table.o
 .debug_info    0x000085ba     0x1c4f ..\obj\LCD_Driver.o

.debug_abbrev   0x00000000      0xf0a
 .debug_abbrev  0x00000000      0x10e ..\obj\system_NUC1xx.o
 .debug_abbrev  0x0000010e       0xa7 ..\obj\startup_NUC1xx.o
 .debug_abbrev  0x000001b5       0x8a ..\obj\Init.o
 .debug_abbrev  0x0000023f      0x281 ..\obj\DrvSPI.o
 .debug_abbrev  0x000004c0      0x12a ..\obj\main.o
 .debug_abbrev  0x000005ea      0x2fc ..\obj\DrvGPIO.o
 .debug_abbrev  0x000008e6       0xcd ..\obj\ScanKey.o
 .debug_abbrev  0x000009b3      0x31a ..\obj\DrvSYS.o
 .debug_abbrev  0x00000ccd       0x3c ..\obj\Ascii_Table.o
 .debug_abbrev  0x00000d09      0x201 ..\obj\LCD_Driver.o

.debug_aranges  0x00000000      0x620
 .debug_aranges
                0x00000000       0x28 ..\obj\system_NUC1xx.o
 .debug_aranges
                0x00000028       0x28 ..\obj\startup_NUC1xx.o
 .debug_aranges
                0x00000050       0x38 ..\obj\Init.o
 .debug_aranges
                0x00000088      0x1e0 ..\obj\DrvSPI.o
 .debug_aranges
                0x00000268       0x28 ..\obj\main.o
 .debug_aranges
                0x00000290      0x148 ..\obj\DrvGPIO.o
 .debug_aranges
                0x000003d8       0x38 ..\obj\ScanKey.o
 .debug_aranges
                0x00000410      0x1a0 ..\obj\DrvSYS.o
 .debug_aranges
                0x000005b0       0x18 ..\obj\Ascii_Table.o
 .debug_aranges
                0x000005c8       0x58 ..\obj\LCD_Driver.o

.debug_ranges   0x00000000      0x578
 .debug_ranges  0x00000000       0x18 ..\obj\system_NUC1xx.o
 .debug_ranges  0x00000018       0x18 ..\obj\startup_NUC1xx.o
 .debug_ranges  0x00000030       0x28 ..\obj\Init.o
 .debug_ranges  0x00000058      0x1d0 ..\obj\DrvSPI.o
 .debug_ranges  0x00000228       0x18 ..\obj\main.o
 .debug_ranges  0x00000240      0x138 ..\obj\DrvGPIO.o
 .debug_ranges  0x00000378       0x28 ..\obj\ScanKey.o
 .debug_ranges  0x000003a0      0x190 ..\obj\DrvSYS.o
 .debug_ranges  0x00000530       0x48 ..\obj\LCD_Driver.o

.debug_line     0x00000000     0x2321
 .debug_line    0x00000000      0x16c ..\obj\system_NUC1xx.o
 .debug_line    0x0000016c       0xaa ..\obj\startup_NUC1xx.o
 .debug_line    0x00000216      0x108 ..\obj\Init.o
 .debug_line    0x0000031e      0x8a6 ..\obj\DrvSPI.o
 .debug_line    0x00000bc4      0x1f0 ..\obj\main.o
 .debug_line    0x00000db4      0x75e ..\obj\DrvGPIO.o
 .debug_line    0x00001512      0x24c ..\obj\ScanKey.o
 .debug_line    0x0000175e      0x7a9 ..\obj\DrvSYS.o
 .debug_line    0x00001f07       0x8d ..\obj\Ascii_Table.o
 .debug_line    0x00001f94      0x38d ..\obj\LCD_Driver.o

.debug_str      0x00000000     0x3716
 .debug_str     0x00000000      0x47f ..\obj\system_NUC1xx.o
                                0x508 (size before relaxing)
 .debug_str     0x0000047f       0xc0 ..\obj\startup_NUC1xx.o
                                0x157 (size before relaxing)
 .debug_str     0x0000053f      0x582 ..\obj\Init.o
                                0x690 (size before relaxing)
 .debug_str     0x00000ac1     0x1813 ..\obj\DrvSPI.o
                               0x1fa0 (size before relaxing)
 .debug_str     0x000022d4       0xd7 ..\obj\main.o
                                0x229 (size before relaxing)
 .debug_str     0x000023ab      0x628 ..\obj\DrvGPIO.o
                               0x1cfe (size before relaxing)
 .debug_str     0x000029d3       0x88 ..\obj\ScanKey.o
                                0x25a (size before relaxing)
 .debug_str     0x00002a5b      0xb01 ..\obj\DrvSYS.o
                               0x2128 (size before relaxing)
 .debug_str     0x0000355c       0xef ..\obj\Ascii_Table.o
                                0x106 (size before relaxing)
 .debug_str     0x0000364b       0xcb ..\obj\LCD_Driver.o
                                0xd6f (size before relaxing)

.comment        0x00000000       0x6e
 .comment       0x00000000       0x6e ..\obj\system_NUC1xx.o
                                 0x6f (size before relaxing)
 .comment       0x0000006e       0x6f ..\obj\startup_NUC1xx.o
 .comment       0x0000006e       0x6f ..\obj\Init.o
 .comment       0x0000006e       0x6f ..\obj\DrvSPI.o
 .comment       0x0000006e       0x6f ..\obj\main.o
 .comment       0x0000006e       0x6f ..\obj\DrvGPIO.o
 .comment       0x0000006e       0x6f ..\obj\ScanKey.o
 .comment       0x0000006e       0x6f ..\obj\DrvSYS.o
 .comment       0x0000006e       0x6f ..\obj\Ascii_Table.o
 .comment       0x0000006e       0x6f ..\obj\LCD_Driver.o

.ARM.attributes
                0x00000000       0x31
 .ARM.attributes
                0x00000000       0x31 ..\obj\system_NUC1xx.o
 .ARM.attributes
                0x00000031       0x31 ..\obj\startup_NUC1xx.o
 .ARM.attributes
                0x00000062       0x31 ..\obj\Init.o
 .ARM.attributes
                0x00000093       0x31 ..\obj\DrvSPI.o
 .ARM.attributes
                0x000000c4       0x31 ..\obj\main.o
 .ARM.attributes
                0x000000f5       0x31 ..\obj\DrvGPIO.o
 .ARM.attributes
                0x00000126       0x31 ..\obj\ScanKey.o
 .ARM.attributes
                0x00000157       0x31 ..\obj\DrvSYS.o
 .ARM.attributes
                0x00000188       0x31 ..\obj\Ascii_Table.o
 .ARM.attributes
                0x000001b9       0x31 ..\obj\LCD_Driver.o
 .ARM.attributes
                0x000001ea       0x1e d:/coocox/cgnu tools arm embedded/5.4 2016q3/bin/../lib/gcc/arm-none-eabi/5.4.1/armv6-m\libgcc.a(_udivsi3.o)
 .ARM.attributes
                0x00000208       0x1e d:/coocox/cgnu tools arm embedded/5.4 2016q3/bin/../lib/gcc/arm-none-eabi/5.4.1/armv6-m\libgcc.a(_dvmd_tls.o)
 .ARM.attributes
                0x00000226       0x2c d:/coocox/cgnu tools arm embedded/5.4 2016q3/bin/../lib/gcc/arm-none-eabi/5.4.1/armv6-m\libgcc.a(divsf3.o)
 .ARM.attributes
                0x00000252       0x2c d:/coocox/cgnu tools arm embedded/5.4 2016q3/bin/../lib/gcc/arm-none-eabi/5.4.1/armv6-m\libgcc.a(mulsf3.o)
 .ARM.attributes
                0x0000027e       0x2c d:/coocox/cgnu tools arm embedded/5.4 2016q3/bin/../lib/gcc/arm-none-eabi/5.4.1/armv6-m\libgcc.a(fixsfsi.o)
 .ARM.attributes
                0x000002aa       0x2c d:/coocox/cgnu tools arm embedded/5.4 2016q3/bin/../lib/gcc/arm-none-eabi/5.4.1/armv6-m\libgcc.a(floatsisf.o)
 .ARM.attributes
                0x000002d6       0x1e d:/coocox/cgnu tools arm embedded/5.4 2016q3/bin/../lib/gcc/arm-none-eabi/5.4.1/armv6-m\libgcc.a(_clzsi2.o)

.debug_frame    0x00000000     0x15a4
 .debug_frame   0x00000000       0x4c ..\obj\system_NUC1xx.o
 .debug_frame   0x0000004c       0x4c ..\obj\startup_NUC1xx.o
 .debug_frame   0x00000098       0x84 ..\obj\Init.o
 .debug_frame   0x0000011c      0x720 ..\obj\DrvSPI.o
 .debug_frame   0x0000083c       0x50 ..\obj\main.o
 .debug_frame   0x0000088c      0x4c4 ..\obj\DrvGPIO.o
 .debug_frame   0x00000d50       0x90 ..\obj\ScanKey.o
 .debug_frame   0x00000de0      0x5dc ..\obj\DrvSYS.o
 .debug_frame   0x000013bc      0x108 ..\obj\LCD_Driver.o
 .debug_frame   0x000014c4       0x20 d:/coocox/cgnu tools arm embedded/5.4 2016q3/bin/../lib/gcc/arm-none-eabi/5.4.1/armv6-m\libgcc.a(_udivsi3.o)
 .debug_frame   0x000014e4       0x3c d:/coocox/cgnu tools arm embedded/5.4 2016q3/bin/../lib/gcc/arm-none-eabi/5.4.1/armv6-m\libgcc.a(divsf3.o)
 .debug_frame   0x00001520       0x38 d:/coocox/cgnu tools arm embedded/5.4 2016q3/bin/../lib/gcc/arm-none-eabi/5.4.1/armv6-m\libgcc.a(mulsf3.o)
 .debug_frame   0x00001558       0x20 d:/coocox/cgnu tools arm embedded/5.4 2016q3/bin/../lib/gcc/arm-none-eabi/5.4.1/armv6-m\libgcc.a(fixsfsi.o)
 .debug_frame   0x00001578       0x2c d:/coocox/cgnu tools arm embedded/5.4 2016q3/bin/../lib/gcc/arm-none-eabi/5.4.1/armv6-m\libgcc.a(floatsisf.o)
